iOS Build (IPA)	Build iOS (No-Sign Mode)	∩╗┐2026-01-14T13:58:20.3492110Z ##[group]Run flutter build ios --release --no-codesign
iOS Build (IPA)	Build iOS (No-Sign Mode)	2026-01-14T13:58:20.3492860Z [36;1mflutter build ios --release --no-codesign[0m
iOS Build (IPA)	Build iOS (No-Sign Mode)	2026-01-14T13:58:20.3577400Z shell: /bin/bash -e {0}
iOS Build (IPA)	Build iOS (No-Sign Mode)	2026-01-14T13:58:20.3577660Z env:
iOS Build (IPA)	Build iOS (No-Sign Mode)	2026-01-14T13:58:20.3577980Z   FLUTTER_ROOT: /Users/runner/hostedtoolcache/flutter/stable-3.22.0-arm64
iOS Build (IPA)	Build iOS (No-Sign Mode)	2026-01-14T13:58:20.3578500Z   PUB_CACHE: /Users/runner/.pub-cache
iOS Build (IPA)	Build iOS (No-Sign Mode)	2026-01-14T13:58:20.3578750Z ##[endgroup]
iOS Build (IPA)	Build iOS (No-Sign Mode)	2026-01-14T13:58:22.0605630Z Warning: Building for device with codesigning disabled. You will have to manually codesign before deploying to device.
iOS Build (IPA)	Build iOS (No-Sign Mode)	2026-01-14T13:58:25.0001030Z Building com.glowuphub.mobile for device (ios-release)...
iOS Build (IPA)	Build iOS (No-Sign Mode)	2026-01-14T13:58:45.3891580Z Running pod install...                                             13.6s
iOS Build (IPA)	Build iOS (No-Sign Mode)	2026-01-14T13:59:35.4360500Z Running Xcode build...                                          
iOS Build (IPA)	Build iOS (No-Sign Mode)	2026-01-14T13:59:35.4465320Z Xcode build done.                                           50.0s
iOS Build (IPA)	Build iOS (No-Sign Mode)	2026-01-14T13:59:37.4675440Z Failed to build iOS app
iOS Build (IPA)	Build iOS (No-Sign Mode)	2026-01-14T13:59:37.4679630Z ΓòÉΓòÉΓòÉΓòÉΓòÉΓòÉΓòÉΓòÉΓòÉΓòÉΓòÉΓòÉΓòÉΓòÉΓòÉΓòÉΓòÉΓòÉΓòÉΓòÉΓòÉΓòÉΓòÉΓòÉΓòÉΓòÉΓòÉΓòÉΓòÉΓòÉΓòÉΓòÉΓòÉΓòÉΓòÉΓòÉΓòÉΓòÉΓòÉΓòÉΓòÉΓòÉΓòÉΓòÉΓòÉΓòÉΓòÉΓòÉΓòÉΓòÉΓòÉΓòÉΓòÉΓòÉΓòÉΓòÉΓòÉΓòÉΓòÉΓòÉΓòÉΓòÉΓòÉΓòÉΓòÉΓòÉΓòÉΓòÉΓòÉΓòÉΓòÉΓòÉΓòÉΓòÉΓòÉΓòÉΓòÉΓòÉΓòÉΓòÉ
iOS Build (IPA)	Build iOS (No-Sign Mode)	2026-01-14T13:59:37.4882720Z Building a deployable iOS app requires a selected Development Team with a 
iOS Build (IPA)	Build iOS (No-Sign Mode)	2026-01-14T13:59:37.4984050Z Provisioning Profile. Please ensure that a Development Team is selected by:
iOS Build (IPA)	Build iOS (No-Sign Mode)	2026-01-14T13:59:37.5085520Z   1- Open the Flutter project's Xcode target with
iOS Build (IPA)	Build iOS (No-Sign Mode)	2026-01-14T13:59:37.5186990Z        open ios/Runner.xcworkspace
iOS Build (IPA)	Build iOS (No-Sign Mode)	2026-01-14T13:59:37.5287560Z   2- Select the 'Runner' project in the navigator then the 'Runner' target
iOS Build (IPA)	Build iOS (No-Sign Mode)	2026-01-14T13:59:37.5388860Z      in the project settings
iOS Build (IPA)	Build iOS (No-Sign Mode)	2026-01-14T13:59:37.5489140Z   3- Make sure a 'Development Team' is selected under Signing & Capabilities > Team. 
iOS Build (IPA)	Build iOS (No-Sign Mode)	2026-01-14T13:59:37.5590200Z      You may need to:
iOS Build (IPA)	Build iOS (No-Sign Mode)	2026-01-14T13:59:37.5690540Z          - Log in with your Apple ID in Xcode first
iOS Build (IPA)	Build iOS (No-Sign Mode)	2026-01-14T13:59:37.5791520Z          - Ensure you have a valid unique Bundle ID
iOS Build (IPA)	Build iOS (No-Sign Mode)	2026-01-14T13:59:37.5891830Z          - Register your device with your Apple Developer Account
iOS Build (IPA)	Build iOS (No-Sign Mode)	2026-01-14T13:59:37.5994770Z          - Let Xcode automatically provision a profile for your app
iOS Build (IPA)	Build iOS (No-Sign Mode)	2026-01-14T13:59:37.6093690Z   4- Build or run your project again
iOS Build (IPA)	Build iOS (No-Sign Mode)	2026-01-14T13:59:37.6194730Z 
iOS Build (IPA)	Build iOS (No-Sign Mode)	2026-01-14T13:59:37.6295860Z For more information, please visit:
iOS Build (IPA)	Build iOS (No-Sign Mode)	2026-01-14T13:59:37.6397270Z   https://flutter.dev/docs/get-started/install/macos#deploy-to-ios-devices
iOS Build (IPA)	Build iOS (No-Sign Mode)	2026-01-14T13:59:37.6496830Z 
iOS Build (IPA)	Build iOS (No-Sign Mode)	2026-01-14T13:59:37.6597680Z Or run on an iOS simulator without code signing
iOS Build (IPA)	Build iOS (No-Sign Mode)	2026-01-14T13:59:37.6699270Z ΓòÉΓòÉΓòÉΓòÉΓòÉΓòÉΓòÉΓòÉΓòÉΓòÉΓòÉΓòÉΓòÉΓòÉΓòÉΓòÉΓòÉΓòÉΓòÉΓòÉΓòÉΓòÉΓòÉΓòÉΓòÉΓòÉΓòÉΓòÉΓòÉΓòÉΓòÉΓòÉΓòÉΓòÉΓòÉΓòÉΓòÉΓòÉΓòÉΓòÉΓòÉΓòÉΓòÉΓòÉΓòÉΓòÉΓòÉΓòÉΓòÉΓòÉΓòÉΓòÉΓòÉΓòÉΓòÉΓòÉΓòÉΓòÉΓòÉΓòÉΓòÉΓòÉΓòÉΓòÉΓòÉΓòÉΓòÉΓòÉΓòÉΓòÉΓòÉΓòÉΓòÉΓòÉΓòÉΓòÉΓòÉΓòÉΓòÉΓòÉ
iOS Build (IPA)	Build iOS (No-Sign Mode)	2026-01-14T13:59:37.6800690Z Encountered error while building for device.
iOS Build (IPA)	Build iOS (No-Sign Mode)	2026-01-14T13:59:37.7012130Z ##[error]Process completed with exit code 1.
Android Build (APK & AAB)	Build Android	∩╗┐2026-01-14T13:58:00.6109769Z ##[group]Run flutter build apk --release
Android Build (APK & AAB)	Build Android	2026-01-14T13:58:00.6110107Z [36;1mflutter build apk --release[0m
Android Build (APK & AAB)	Build Android	2026-01-14T13:58:00.6110386Z [36;1mflutter build appbundle --release[0m
Android Build (APK & AAB)	Build Android	2026-01-14T13:58:00.6139046Z shell: /usr/bin/bash -e {0}
Android Build (APK & AAB)	Build Android	2026-01-14T13:58:00.6139285Z env:
Android Build (APK & AAB)	Build Android	2026-01-14T13:58:00.6139536Z   FLUTTER_ROOT: /opt/hostedtoolcache/flutter/stable-3.22.0-x64
Android Build (APK & AAB)	Build Android	2026-01-14T13:58:00.6139881Z   PUB_CACHE: /home/runner/.pub-cache
Android Build (APK & AAB)	Build Android	2026-01-14T13:58:00.6140125Z ##[endgroup]
Android Build (APK & AAB)	Build Android	2026-01-14T13:58:01.2053116Z 
Android Build (APK & AAB)	Build Android	2026-01-14T13:59:52.7036334Z Running Gradle task 'assembleRelease'...                        
Android Build (APK & AAB)	Build Android	2026-01-14T13:59:52.7086022Z One or more plugins require a higher Android NDK version.
Android Build (APK & AAB)	Build Android	2026-01-14T13:59:52.7087044Z Fix this issue by adding the following to /home/runner/work/glowuphub/glowuphub/mobile/android/app/build.gradle:
Android Build (APK & AAB)	Build Android	2026-01-14T13:59:52.7087881Z android {
Android Build (APK & AAB)	Build Android	2026-01-14T13:59:52.7088164Z   ndkVersion "27.0.12077973"
Android Build (APK & AAB)	Build Android	2026-01-14T13:59:52.7088494Z   ...
Android Build (APK & AAB)	Build Android	2026-01-14T13:59:52.7088749Z }
Android Build (APK & AAB)	Build Android	2026-01-14T13:59:52.7088887Z 
Android Build (APK & AAB)	Build Android	2026-01-14T13:59:55.9817837Z Checking the license for package Android SDK Platform 31 in /usr/local/lib/android/sdk/licenses
Android Build (APK & AAB)	Build Android	2026-01-14T13:59:55.9822882Z License for package Android SDK Platform 31 accepted.
Android Build (APK & AAB)	Build Android	2026-01-14T13:59:55.9823846Z Preparing "Install Android SDK Platform 31 (revision 1)".
Android Build (APK & AAB)	Build Android	2026-01-14T13:59:58.6813846Z "Install Android SDK Platform 31 (revision 1)" ready.
Android Build (APK & AAB)	Build Android	2026-01-14T13:59:58.6815003Z Installing Android SDK Platform 31 in /usr/local/lib/android/sdk/platforms/android-31
Android Build (APK & AAB)	Build Android	2026-01-14T13:59:58.7809152Z "Install Android SDK Platform 31 (revision 1)" complete.
Android Build (APK & AAB)	Build Android	2026-01-14T13:59:59.0817249Z "Install Android SDK Platform 31 (revision 1)" finished.
Android Build (APK & AAB)	Build Android	2026-01-14T13:59:59.1810588Z [=========                              ] 25%                                   
Android Build (APK & AAB)	Build Android	2026-01-14T13:59:59.1811710Z [=========                              ] 25% Fetch remote repository...        
Android Build (APK & AAB)	Build Android	2026-01-14T13:59:59.1812698Z [=======================================] 100% Fetch remote repository...       
Android Build (APK & AAB)	Build Android	2026-01-14T14:00:03.0812686Z lib/screens/auth/onboarding_screen.dart:70:45: Error: The method 'withValues' isn't defined for the class 'Color'.
Android Build (APK & AAB)	Build Android	2026-01-14T14:00:03.0816087Z  - 'Color' is from 'dart:ui'.
Android Build (APK & AAB)	Build Android	2026-01-14T14:00:03.0818249Z Try correcting the name to the name of an existing method, or defining a method named 'withValues'.
Android Build (APK & AAB)	Build Android	2026-01-14T14:00:03.0821535Z                         color: Colors.white.withValues(alpha: 0.6),
Android Build (APK & AAB)	Build Android	2026-01-14T14:00:03.0822125Z                                             ^^^^^^^^^^
Android Build (APK & AAB)	Build Android	2026-01-14T14:00:03.0823008Z lib/screens/auth/onboarding_screen.dart:95:95: Error: The method 'withValues' isn't defined for the class 'Color'.
Android Build (APK & AAB)	Build Android	2026-01-14T14:00:03.0823912Z  - 'Color' is from 'dart:ui'.
Android Build (APK & AAB)	Build Android	2026-01-14T14:00:03.0824851Z Try correcting the name to the name of an existing method, or defining a method named 'withValues'.
Android Build (APK & AAB)	Build Android	2026-01-14T14:00:03.0826010Z                         color: _currentPage == index ? const Color(0xFF10B981) : Colors.white.withValues(alpha: 0.2),
Android Build (APK & AAB)	Build Android	2026-01-14T14:00:03.0826937Z                                                                                           ^^^^^^^^^^
Android Build (APK & AAB)	Build Android	2026-01-14T14:00:03.0832651Z lib/screens/main/main_layout.dart:73:38: Error: Member not found: 'house'.
Android Build (APK & AAB)	Build Android	2026-01-14T14:00:03.0833287Z               icon: Icon(LucideIcons.house),
Android Build (APK & AAB)	Build Android	2026-01-14T14:00:03.0834146Z                                      ^^^^^
Android Build (APK & AAB)	Build Android	2026-01-14T14:00:03.0835283Z lib/screens/main/main_layout.dart:57:49: Error: The method 'withValues' isn't defined for the class 'Color'.
Android Build (APK & AAB)	Build Android	2026-01-14T14:00:03.0835918Z  - 'Color' is from 'dart:ui'.
Android Build (APK & AAB)	Build Android	2026-01-14T14:00:03.0836325Z Try correcting the name to the name of an existing method, or defining a method named 'withValues'.
Android Build (APK & AAB)	Build Android	2026-01-14T14:00:03.0836869Z             top: BorderSide(color: Colors.white.withValues(alpha: 0.05), width: 1),
Android Build (APK & AAB)	Build Android	2026-01-14T14:00:03.0837258Z                                                 ^^^^^^^^^^
Android Build (APK & AAB)	Build Android	2026-01-14T14:00:04.7812033Z lib/screens/home_screen.dart:58:43: Error: The method 'withValues' isn't defined for the class 'Color'.
Android Build (APK & AAB)	Build Android	2026-01-14T14:00:04.7824192Z  - 'Color' is from 'dart:ui'.
Android Build (APK & AAB)	Build Android	2026-01-14T14:00:04.7825850Z Try correcting the name to the name of an existing method, or defining a method named 'withValues'.
Android Build (APK & AAB)	Build Android	2026-01-14T14:00:04.7826719Z                       color: Colors.white.withValues(alpha: 0.9),
Android Build (APK & AAB)	Build Android	2026-01-14T14:00:04.7827278Z                                           ^^^^^^^^^^
Android Build (APK & AAB)	Build Android	2026-01-14T14:00:04.7828075Z lib/screens/home_screen.dart:114:42: Error: The method 'withValues' isn't defined for the class 'Color'.
Android Build (APK & AAB)	Build Android	2026-01-14T14:00:04.7828872Z  - 'Color' is from 'dart:ui'.
Android Build (APK & AAB)	Build Android	2026-01-14T14:00:04.7829593Z Try correcting the name to the name of an existing method, or defining a method named 'withValues'.
Android Build (APK & AAB)	Build Android	2026-01-14T14:00:04.7830404Z                             Colors.white.withValues(alpha: 0.1),
Android Build (APK & AAB)	Build Android	2026-01-14T14:00:04.7830894Z                                          ^^^^^^^^^^
Android Build (APK & AAB)	Build Android	2026-01-14T14:00:04.7831661Z lib/screens/track_screen.dart:156:67: Error: The method 'withValues' isn't defined for the class 'Color'.
Android Build (APK & AAB)	Build Android	2026-01-14T14:00:04.7832435Z  - 'Color' is from 'dart:ui'.
Android Build (APK & AAB)	Build Android	2026-01-14T14:00:04.7833138Z Try correcting the name to the name of an existing method, or defining a method named 'withValues'.
Android Build (APK & AAB)	Build Android	2026-01-14T14:00:04.7834182Z                 Text(status, style: TextStyle(color: Colors.white.withValues(alpha: 0.4), fontSize: 12)),
Android Build (APK & AAB)	Build Android	2026-01-14T14:00:04.7835118Z                                                                   ^^^^^^^^^^
Android Build (APK & AAB)	Build Android	2026-01-14T14:00:04.7835949Z lib/screens/routines_screen.dart:88:48: Error: The method 'withValues' isn't defined for the class 'Color'.
Android Build (APK & AAB)	Build Android	2026-01-14T14:00:04.7836742Z  - 'Color' is from 'dart:ui'.
Android Build (APK & AAB)	Build Android	2026-01-14T14:00:04.7837387Z Try correcting the name to the name of an existing method, or defining a method named 'withValues'.
Android Build (APK & AAB)	Build Android	2026-01-14T14:00:04.7845611Z         border: Border.all(color: Colors.white.withValues(alpha: 0.05)),
Android Build (APK & AAB)	Build Android	2026-01-14T14:00:04.7846233Z                                                ^^^^^^^^^^
Android Build (APK & AAB)	Build Android	2026-01-14T14:00:04.7846822Z lib/screens/routines_screen.dart:100:81: Error: The method 'withValues' isn't defined for the class 'Color'.
Android Build (APK & AAB)	Build Android	2026-01-14T14:00:04.7847302Z  - 'Color' is from 'dart:ui'.
Android Build (APK & AAB)	Build Android	2026-01-14T14:00:04.7852601Z Try correcting the name to the name of an existing method, or defining a method named 'withValues'.
Android Build (APK & AAB)	Build Android	2026-01-14T14:00:04.7919121Z                 Text('$duration ΓÇó $level', style: TextStyle(color: Colors.white.withValues(alpha: 0.4), fontSize: 13)),
Android Build (APK & AAB)	Build Android	2026-01-14T14:00:04.7920008Z                                                                                 ^^^^^^^^^^
Android Build (APK & AAB)	Build Android	2026-01-14T14:00:04.7920684Z lib/screens/chat_screen.dart:28:85: Error: Member not found: 'black'.
Android Build (APK & AAB)	Build Android	2026-01-14T14:00:04.7930658Z                   style: TextStyle(color: Color(0xFF10B981), fontWeight: FontWeight.black, fontSize: 14),
Android Build (APK & AAB)	Build Android	2026-01-14T14:00:04.7931525Z                                                                                     ^^^^^
Android Build (APK & AAB)	Build Android	2026-01-14T14:00:04.7932436Z lib/widgets/quick_actions_fab.dart:52:50: Error: The method 'withValues' isn't defined for the class 'Color'.
Android Build (APK & AAB)	Build Android	2026-01-14T14:00:04.7933290Z  - 'Color' is from 'dart:ui'.
Android Build (APK & AAB)	Build Android	2026-01-14T14:00:04.7934007Z Try correcting the name to the name of an existing method, or defining a method named 'withValues'.
Android Build (APK & AAB)	Build Android	2026-01-14T14:00:04.7935156Z                   color: const Color(0xFF10B981).withValues(alpha: 0.3),
Android Build (APK & AAB)	Build Android	2026-01-14T14:00:04.7935743Z                                                  ^^^^^^^^^^
Android Build (APK & AAB)	Build Android	2026-01-14T14:00:05.6836503Z lib/widgets/bio_digital_twin.dart:25:48: Error: The method 'withValues' isn't defined for the class 'Color'.
Android Build (APK & AAB)	Build Android	2026-01-14T14:00:05.6856238Z  - 'Color' is from 'dart:ui'.
Android Build (APK & AAB)	Build Android	2026-01-14T14:00:05.6857224Z Try correcting the name to the name of an existing method, or defining a method named 'withValues'.
Android Build (APK & AAB)	Build Android	2026-01-14T14:00:05.6858406Z         border: Border.all(color: Colors.white.withValues(alpha: 0.05)),
Android Build (APK & AAB)	Build Android	2026-01-14T14:00:05.6859182Z                                                ^^^^^^^^^^
Android Build (APK & AAB)	Build Android	2026-01-14T14:00:05.6860179Z lib/widgets/bio_digital_twin.dart:46:46: Error: The method 'withValues' isn't defined for the class 'Color'.
Android Build (APK & AAB)	Build Android	2026-01-14T14:00:05.6861221Z  - 'Color' is from 'dart:ui'.
Android Build (APK & AAB)	Build Android	2026-01-14T14:00:05.6862563Z Try correcting the name to the name of an existing method, or defining a method named 'withValues'.
Android Build (APK & AAB)	Build Android	2026-01-14T14:00:05.6863536Z               color: const Color(0xFF10B981).withValues(alpha: 0.7),
Android Build (APK & AAB)	Build Android	2026-01-14T14:00:05.6868156Z                                              ^^^^^^^^^^
Android Build (APK & AAB)	Build Android	2026-01-14T14:00:05.6870080Z lib/widgets/bio_digital_twin.dart:58:39: Error: The method 'withValues' isn't defined for the class 'Color'.
Android Build (APK & AAB)	Build Android	2026-01-14T14:00:05.6870854Z  - 'Color' is from 'dart:ui'.
Android Build (APK & AAB)	Build Android	2026-01-14T14:00:05.6871484Z Try correcting the name to the name of an existing method, or defining a method named 'withValues'.
Android Build (APK & AAB)	Build Android	2026-01-14T14:00:05.6872338Z                   color: Colors.white.withValues(alpha: 0.03),
Android Build (APK & AAB)	Build Android	2026-01-14T14:00:05.6872860Z                                       ^^^^^^^^^^
Android Build (APK & AAB)	Build Android	2026-01-14T14:00:05.6873650Z lib/widgets/bio_digital_twin.dart:67:49: Error: The method 'withValues' isn't defined for the class 'Color'.
Android Build (APK & AAB)	Build Android	2026-01-14T14:00:05.6874451Z  - 'Color' is from 'dart:ui'.
Android Build (APK & AAB)	Build Android	2026-01-14T14:00:05.6875352Z Try correcting the name to the name of an existing method, or defining a method named 'withValues'.
Android Build (APK & AAB)	Build Android	2026-01-14T14:00:05.6876259Z                         const Color(0xFF10B981).withValues(alpha: 0.1),
Android Build (APK & AAB)	Build Android	2026-01-14T14:00:05.6876775Z                                                 ^^^^^^^^^^
Android Build (APK & AAB)	Build Android	2026-01-14T14:00:05.6877592Z lib/widgets/bio_digital_twin.dart:101:29: Error: The method 'withValues' isn't defined for the class 'Color'.
Android Build (APK & AAB)	Build Android	2026-01-14T14:00:05.6878408Z  - 'Color' is from 'dart:ui'.
Android Build (APK & AAB)	Build Android	2026-01-14T14:00:05.6879080Z Try correcting the name to the name of an existing method, or defining a method named 'withValues'.
Android Build (APK & AAB)	Build Android	2026-01-14T14:00:05.6879881Z         color: Colors.white.withValues(alpha: 0.03),
Android Build (APK & AAB)	Build Android	2026-01-14T14:00:05.6880345Z                             ^^^^^^^^^^
Android Build (APK & AAB)	Build Android	2026-01-14T14:00:05.6881100Z lib/widgets/bio_digital_twin.dart:103:48: Error: The method 'withValues' isn't defined for the class 'Color'.
Android Build (APK & AAB)	Build Android	2026-01-14T14:00:05.6881936Z  - 'Color' is from 'dart:ui'.
Android Build (APK & AAB)	Build Android	2026-01-14T14:00:05.6882625Z Try correcting the name to the name of an existing method, or defining a method named 'withValues'.
Android Build (APK & AAB)	Build Android	2026-01-14T14:00:05.6883549Z         border: Border.all(color: Colors.white.withValues(alpha: 0.05)),
Android Build (APK & AAB)	Build Android	2026-01-14T14:00:05.6884156Z                                                ^^^^^^^^^^
Android Build (APK & AAB)	Build Android	2026-01-14T14:00:05.6885148Z lib/widgets/bio_digital_twin.dart:111:35: Error: The method 'withValues' isn't defined for the class 'Color'.
Android Build (APK & AAB)	Build Android	2026-01-14T14:00:05.6885962Z  - 'Color' is from 'dart:ui'.
Android Build (APK & AAB)	Build Android	2026-01-14T14:00:05.6886652Z Try correcting the name to the name of an existing method, or defining a method named 'withValues'.
Android Build (APK & AAB)	Build Android	2026-01-14T14:00:05.6887477Z               color: Colors.white.withValues(alpha: 0.05),
Android Build (APK & AAB)	Build Android	2026-01-14T14:00:05.6887961Z                                   ^^^^^^^^^^
Android Build (APK & AAB)	Build Android	2026-01-14T14:00:05.6920530Z lib/widgets/bio_digital_twin.dart:127:39: Error: The method 'withValues' isn't defined for the class 'Color'.
Android Build (APK & AAB)	Build Android	2026-01-14T14:00:05.6922401Z  - 'Color' is from 'dart:ui'.
Android Build (APK & AAB)	Build Android	2026-01-14T14:00:05.6923352Z Try correcting the name to the name of an existing method, or defining a method named 'withValues'.
Android Build (APK & AAB)	Build Android	2026-01-14T14:00:05.6928206Z                   color: Colors.white.withValues(alpha: 0.4),
Android Build (APK & AAB)	Build Android	2026-01-14T14:00:05.6928938Z                                       ^^^^^^^^^^
Android Build (APK & AAB)	Build Android	2026-01-14T14:00:05.6930909Z lib/widgets/streak_tracker.dart:23:48: Error: The method 'withValues' isn't defined for the class 'Color'.
Android Build (APK & AAB)	Build Android	2026-01-14T14:00:05.6933112Z  - 'Color' is from 'dart:ui'.
Android Build (APK & AAB)	Build Android	2026-01-14T14:00:05.6933932Z Try correcting the name to the name of an existing method, or defining a method named 'withValues'.
Android Build (APK & AAB)	Build Android	2026-01-14T14:00:05.6935032Z         border: Border.all(color: Colors.white.withValues(alpha: 0.05)),
Android Build (APK & AAB)	Build Android	2026-01-14T14:00:05.6935644Z                                                ^^^^^^^^^^
Android Build (APK & AAB)	Build Android	2026-01-14T14:00:05.6936485Z lib/widgets/streak_tracker.dart:35:40: Error: The method 'withValues' isn't defined for the class 'MaterialColor'.
Android Build (APK & AAB)	Build Android	2026-01-14T14:00:05.6939477Z  - 'MaterialColor' is from 'package:flutter/src/material/colors.dart' ('/opt/hostedtoolcache/flutter/stable-3.22.0-x64/packages/flutter/lib/src/material/colors.dart').
Android Build (APK & AAB)	Build Android	2026-01-14T14:00:05.6941241Z Try correcting the name to the name of an existing method, or defining a method named 'withValues'.
Android Build (APK & AAB)	Build Android	2026-01-14T14:00:05.6942071Z                   color: Colors.orange.withValues(alpha: 0.1),
Android Build (APK & AAB)	Build Android	2026-01-14T14:00:05.6942604Z                                        ^^^^^^^^^^
Android Build (APK & AAB)	Build Android	2026-01-14T14:00:05.6943442Z lib/widgets/streak_tracker.dart:37:59: Error: The method 'withValues' isn't defined for the class 'MaterialColor'.
Android Build (APK & AAB)	Build Android	2026-01-14T14:00:05.6964198Z  - 'MaterialColor' is from 'package:flutter/src/material/colors.dart' ('/opt/hostedtoolcache/flutter/stable-3.22.0-x64/packages/flutter/lib/src/material/colors.dart').
Android Build (APK & AAB)	Build Android	2026-01-14T14:00:05.6995593Z Try correcting the name to the name of an existing method, or defining a method named 'withValues'.
Android Build (APK & AAB)	Build Android	2026-01-14T14:00:05.6996826Z                   border: Border.all(color: Colors.orange.withValues(alpha: 0.2)),
Android Build (APK & AAB)	Build Android	2026-01-14T14:00:05.6997649Z                                                           ^^^^^^^^^^
Android Build (APK & AAB)	Build Android	2026-01-14T14:00:05.6998705Z lib/widgets/streak_tracker.dart:50:61: Error: The method 'withValues' isn't defined for the class 'MaterialColor'.
Android Build (APK & AAB)	Build Android	2026-01-14T14:00:05.7000505Z  - 'MaterialColor' is from 'package:flutter/src/material/colors.dart' ('/opt/hostedtoolcache/flutter/stable-3.22.0-x64/packages/flutter/lib/src/material/colors.dart').
Android Build (APK & AAB)	Build Android	2026-01-14T14:00:05.7002198Z Try correcting the name to the name of an existing method, or defining a method named 'withValues'.
Android Build (APK & AAB)	Build Android	2026-01-14T14:00:05.7003345Z                     border: Border.all(color: Colors.orange.withValues(alpha: 0.2), width: 2),
Android Build (APK & AAB)	Build Android	2026-01-14T14:00:05.7004156Z                                                             ^^^^^^^^^^
Android Build (APK & AAB)	Build Android	2026-01-14T14:00:05.7005262Z lib/widgets/streak_tracker.dart:85:41: Error: The method 'withValues' isn't defined for the class 'Color'.
Android Build (APK & AAB)	Build Android	2026-01-14T14:00:05.7006255Z  - 'Color' is from 'dart:ui'.
Android Build (APK & AAB)	Build Android	2026-01-14T14:00:05.7007124Z Try correcting the name to the name of an existing method, or defining a method named 'withValues'.
Android Build (APK & AAB)	Build Android	2026-01-14T14:00:05.7008184Z                     color: Colors.white.withValues(alpha: 0.4),
Android Build (APK & AAB)	Build Android	2026-01-14T14:00:05.7008789Z                                         ^^^^^^^^^^
Android Build (APK & AAB)	Build Android	2026-01-14T14:00:05.7009834Z lib/widgets/streak_tracker.dart:105:52: Error: The method 'withValues' isn't defined for the class 'Color'.
Android Build (APK & AAB)	Build Android	2026-01-14T14:00:05.7010826Z  - 'Color' is from 'dart:ui'.
Android Build (APK & AAB)	Build Android	2026-01-14T14:00:05.7011699Z Try correcting the name to the name of an existing method, or defining a method named 'withValues'.
Android Build (APK & AAB)	Build Android	2026-01-14T14:00:05.7012731Z                                     ? Colors.white.withValues(alpha: 0.1)
Android Build (APK & AAB)	Build Android	2026-01-14T14:00:05.7013422Z                                                    ^^^^^^^^^^
Android Build (APK & AAB)	Build Android	2026-01-14T14:00:05.7014353Z lib/widgets/streak_tracker.dart:106:52: Error: The method 'withValues' isn't defined for the class 'Color'.
Android Build (APK & AAB)	Build Android	2026-01-14T14:00:05.7015517Z  - 'Color' is from 'dart:ui'.
Android Build (APK & AAB)	Build Android	2026-01-14T14:00:05.7016348Z Try correcting the name to the name of an existing method, or defining a method named 'withValues'.
Android Build (APK & AAB)	Build Android	2026-01-14T14:00:05.7017335Z                                     : Colors.white.withValues(alpha: 0.05),
Android Build (APK & AAB)	Build Android	2026-01-14T14:00:05.7018007Z                                                    ^^^^^^^^^^
Android Build (APK & AAB)	Build Android	2026-01-14T14:00:05.7018842Z lib/widgets/lifestyle_rituals.dart:137:66: Error: No named parameter with the name 'py'.
Android Build (APK & AAB)	Build Android	2026-01-14T14:00:05.7020161Z               padding: const EdgeInsets.symmetric(horizontal: 8, py: 2),
Android Build (APK & AAB)	Build Android	2026-01-14T14:00:05.7020930Z                                                                  ^^
Android Build (APK & AAB)	Build Android	2026-01-14T14:00:05.7022281Z /opt/hostedtoolcache/flutter/stable-3.22.0-x64/packages/flutter/lib/src/painting/edge_insets.dart:390:9: Context: Found this candidate, but the arguments don't match.
Android Build (APK & AAB)	Build Android	2026-01-14T14:00:05.7023674Z   const EdgeInsets.symmetric({
Android Build (APK & AAB)	Build Android	2026-01-14T14:00:05.7024279Z         ^^^^^^^^^^^^^^^^^^^^
Android Build (APK & AAB)	Build Android	2026-01-14T14:00:05.7025321Z lib/widgets/lifestyle_rituals.dart:81:41: Error: The method 'withValues' isn't defined for the class 'Color'.
Android Build (APK & AAB)	Build Android	2026-01-14T14:00:05.7026301Z  - 'Color' is from 'dart:ui'.
Android Build (APK & AAB)	Build Android	2026-01-14T14:00:05.7027355Z Try correcting the name to the name of an existing method, or defining a method named 'withValues'.
Android Build (APK & AAB)	Build Android	2026-01-14T14:00:05.7028274Z               ? const Color(0xFF10B981).withValues(alpha: 0.05)
Android Build (APK & AAB)	Build Android	2026-01-14T14:00:05.7028931Z                                         ^^^^^^^^^^
Android Build (APK & AAB)	Build Android	2026-01-14T14:00:05.7029906Z lib/widgets/lifestyle_rituals.dart:86:43: Error: The method 'withValues' isn't defined for the class 'Color'.
Android Build (APK & AAB)	Build Android	2026-01-14T14:00:05.7030836Z  - 'Color' is from 'dart:ui'.
Android Build (APK & AAB)	Build Android	2026-01-14T14:00:05.7031673Z Try correcting the name to the name of an existing method, or defining a method named 'withValues'.
Android Build (APK & AAB)	Build Android	2026-01-14T14:00:05.7032651Z                 ? const Color(0xFF10B981).withValues(alpha: 0.2)
Android Build (APK & AAB)	Build Android	2026-01-14T14:00:05.7042638Z                                           ^^^^^^^^^^
Android Build (APK & AAB)	Build Android	2026-01-14T14:00:05.7043505Z lib/widgets/lifestyle_rituals.dart:87:32: Error: The method 'withValues' isn't defined for the class 'Color'.
Android Build (APK & AAB)	Build Android	2026-01-14T14:00:05.7044352Z  - 'Color' is from 'dart:ui'.
Android Build (APK & AAB)	Build Android	2026-01-14T14:00:05.7058094Z Try correcting the name to the name of an existing method, or defining a method named 'withValues'.
Android Build (APK & AAB)	Build Android	2026-01-14T14:00:05.7062996Z                 : Colors.white.withValues(alpha: 0.05),
Android Build (APK & AAB)	Build Android	2026-01-14T14:00:05.7068161Z                                ^^^^^^^^^^
Android Build (APK & AAB)	Build Android	2026-01-14T14:00:05.7073950Z lib/widgets/lifestyle_rituals.dart:101:40: Error: The method 'withValues' isn't defined for the class 'Color'.
Android Build (APK & AAB)	Build Android	2026-01-14T14:00:05.7080976Z  - 'Color' is from 'dart:ui'.
Android Build (APK & AAB)	Build Android	2026-01-14T14:00:05.7085198Z Try correcting the name to the name of an existing method, or defining a method named 'withValues'.
Android Build (APK & AAB)	Build Android	2026-01-14T14:00:05.7116115Z                         : Colors.white.withValues(alpha: 0.05),
Android Build (APK & AAB)	Build Android	2026-01-14T14:00:05.7118137Z                                        ^^^^^^^^^^
Android Build (APK & AAB)	Build Android	2026-01-14T14:00:05.7118966Z lib/widgets/lifestyle_rituals.dart:119:77: Error: The method 'withValues' isn't defined for the class 'Color'.
Android Build (APK & AAB)	Build Android	2026-01-14T14:00:05.7119783Z  - 'Color' is from 'dart:ui'.
Android Build (APK & AAB)	Build Android	2026-01-14T14:00:05.7120465Z Try correcting the name to the name of an existing method, or defining a method named 'withValues'.
Android Build (APK & AAB)	Build Android	2026-01-14T14:00:05.7121521Z                         color: ritual.isCompleted ? const Color(0xFF10B981).withValues(alpha: 0.7) : Colors.white,
Android Build (APK & AAB)	Build Android	2026-01-14T14:00:05.7122323Z                                                                             ^^^^^^^^^^
Android Build (APK & AAB)	Build Android	2026-01-14T14:00:05.7123209Z lib/widgets/lifestyle_rituals.dart:140:47: Error: The method 'withValues' isn't defined for the class 'Color'.
Android Build (APK & AAB)	Build Android	2026-01-14T14:00:05.7124018Z  - 'Color' is from 'dart:ui'.
Android Build (APK & AAB)	Build Android	2026-01-14T14:00:05.7124844Z Try correcting the name to the name of an existing method, or defining a method named 'withValues'.
Android Build (APK & AAB)	Build Android	2026-01-14T14:00:05.7125676Z                     ? const Color(0xFF10B981).withValues(alpha: 0.1)
Android Build (APK & AAB)	Build Android	2026-01-14T14:00:05.7126197Z                                               ^^^^^^^^^^
Android Build (APK & AAB)	Build Android	2026-01-14T14:00:05.7127017Z lib/widgets/lifestyle_rituals.dart:141:36: Error: The method 'withValues' isn't defined for the class 'Color'.
Android Build (APK & AAB)	Build Android	2026-01-14T14:00:05.7127807Z  - 'Color' is from 'dart:ui'.
Android Build (APK & AAB)	Build Android	2026-01-14T14:00:05.7128483Z Try correcting the name to the name of an existing method, or defining a method named 'withValues'.
Android Build (APK & AAB)	Build Android	2026-01-14T14:00:05.7129261Z                     : Colors.white.withValues(alpha: 0.05),
Android Build (APK & AAB)	Build Android	2026-01-14T14:00:05.7129726Z                                    ^^^^^^^^^^
Android Build (APK & AAB)	Build Android	2026-01-14T14:00:05.7130946Z lib/widgets/lifestyle_rituals.dart:145:49: Error: The method 'withValues' isn't defined for the class 'Color'.
Android Build (APK & AAB)	Build Android	2026-01-14T14:00:05.7131744Z  - 'Color' is from 'dart:ui'.
Android Build (APK & AAB)	Build Android	2026-01-14T14:00:05.7132412Z Try correcting the name to the name of an existing method, or defining a method named 'withValues'.
Android Build (APK & AAB)	Build Android	2026-01-14T14:00:05.7133215Z                       ? const Color(0xFF10B981).withValues(alpha: 0.1)
Android Build (APK & AAB)	Build Android	2026-01-14T14:00:05.7133729Z                                                 ^^^^^^^^^^
Android Build (APK & AAB)	Build Android	2026-01-14T14:00:05.7134526Z lib/widgets/lifestyle_rituals.dart:169:40: Error: The method 'withValues' isn't defined for the class 'Color'.
Android Build (APK & AAB)	Build Android	2026-01-14T14:00:05.7135473Z  - 'Color' is from 'dart:ui'.
Android Build (APK & AAB)	Build Android	2026-01-14T14:00:05.7143238Z Try correcting the name to the name of an existing method, or defining a method named 'withValues'.
Android Build (APK & AAB)	Build Android	2026-01-14T14:00:05.7192391Z         color: const Color(0xFF6366F1).withValues(alpha: 0.05),
Android Build (APK & AAB)	Build Android	2026-01-14T14:00:05.7193188Z                                        ^^^^^^^^^^
Android Build (APK & AAB)	Build Android	2026-01-14T14:00:05.7194157Z lib/widgets/lifestyle_rituals.dart:171:59: Error: The method 'withValues' isn't defined for the class 'Color'.
Android Build (APK & AAB)	Build Android	2026-01-14T14:00:05.7195328Z  - 'Color' is from 'dart:ui'.
Android Build (APK & AAB)	Build Android	2026-01-14T14:00:05.7196134Z Try correcting the name to the name of an existing method, or defining a method named 'withValues'.
Android Build (APK & AAB)	Build Android	2026-01-14T14:00:05.7197267Z         border: Border.all(color: const Color(0xFF6366F1).withValues(alpha: 0.1)),
Android Build (APK & AAB)	Build Android	2026-01-14T14:00:05.7198033Z                                                           ^^^^^^^^^^
Android Build (APK & AAB)	Build Android	2026-01-14T14:00:05.7198994Z lib/widgets/lifestyle_rituals.dart:191:39: Error: The method 'withValues' isn't defined for the class 'Color'.
Android Build (APK & AAB)	Build Android	2026-01-14T14:00:05.7200043Z  - 'Color' is from 'dart:ui'.
Android Build (APK & AAB)	Build Android	2026-01-14T14:00:05.7200850Z Try correcting the name to the name of an existing method, or defining a method named 'withValues'.
Android Build (APK & AAB)	Build Android	2026-01-14T14:00:05.7201766Z                   color: Colors.white.withValues(alpha: 0.5),
Android Build (APK & AAB)	Build Android	2026-01-14T14:00:05.7202345Z                                       ^^^^^^^^^^
Android Build (APK & AAB)	Build Android	2026-01-14T14:00:05.7203503Z lib/widgets/bmi_calculator.dart:46:48: Error: The method 'withValues' isn't defined for the class 'Color'.
Android Build (APK & AAB)	Build Android	2026-01-14T14:00:05.7204611Z  - 'Color' is from 'dart:ui'.
Android Build (APK & AAB)	Build Android	2026-01-14T14:00:05.7205637Z Try correcting the name to the name of an existing method, or defining a method named 'withValues'.
Android Build (APK & AAB)	Build Android	2026-01-14T14:00:05.7206665Z         border: Border.all(color: Colors.white.withValues(alpha: 0.05)),
Android Build (APK & AAB)	Build Android	2026-01-14T14:00:05.7207547Z                                                ^^^^^^^^^^
Android Build (APK & AAB)	Build Android	2026-01-14T14:00:05.7208589Z lib/widgets/weight_chart.dart:40:45: Error: The method 'withValues' isn't defined for the class 'Color'.
Android Build (APK & AAB)	Build Android	2026-01-14T14:00:05.7209538Z  - 'Color' is from 'dart:ui'.
Android Build (APK & AAB)	Build Android	2026-01-14T14:00:05.7210329Z Try correcting the name to the name of an existing method, or defining a method named 'withValues'.
Android Build (APK & AAB)	Build Android	2026-01-14T14:00:05.7211300Z                         color: Colors.white.withValues(alpha: 0.3),
Android Build (APK & AAB)	Build Android	2026-01-14T14:00:05.7211967Z                                             ^^^^^^^^^^
Android Build (APK & AAB)	Build Android	2026-01-14T14:00:05.7212827Z lib/widgets/weight_chart.dart:62:45: Error: The method 'withValues' isn't defined for the class 'Color'.
Android Build (APK & AAB)	Build Android	2026-01-14T14:00:05.7213820Z  - 'Color' is from 'dart:ui'.
Android Build (APK & AAB)	Build Android	2026-01-14T14:00:05.7214822Z Try correcting the name to the name of an existing method, or defining a method named 'withValues'.
Android Build (APK & AAB)	Build Android	2026-01-14T14:00:05.7215810Z                     const Color(0xFF10B981).withValues(alpha: 0.2),
Android Build (APK & AAB)	Build Android	2026-01-14T14:00:05.7216741Z                                             ^^^^^^^^^^
Android Build (APK & AAB)	Build Android	2026-01-14T14:00:05.7217653Z lib/widgets/weight_chart.dart:63:45: Error: The method 'withValues' isn't defined for the class 'Color'.
Android Build (APK & AAB)	Build Android	2026-01-14T14:00:05.7218666Z  - 'Color' is from 'dart:ui'.
Android Build (APK & AAB)	Build Android	2026-01-14T14:00:05.7220178Z Try correcting the name to the name of an existing method, or defining a method named 'withValues'.
Android Build (APK & AAB)	Build Android	2026-01-14T14:00:05.7221361Z                     const Color(0xFF10B981).withValues(alpha: 0),
Android Build (APK & AAB)	Build Android	2026-01-14T14:00:05.7222499Z                                             ^^^^^^^^^^
Android Build (APK & AAB)	Build Android	2026-01-14T14:00:05.7224175Z lib/widgets/interactive_log_modal.dart:62:35: Error: The method 'withValues' isn't defined for the class 'Color'.
Android Build (APK & AAB)	Build Android	2026-01-14T14:00:05.7225923Z  - 'Color' is from 'dart:ui'.
Android Build (APK & AAB)	Build Android	2026-01-14T14:00:05.7242001Z Try correcting the name to the name of an existing method, or defining a method named 'withValues'.
Android Build (APK & AAB)	Build Android	2026-01-14T14:00:05.7243379Z               color: Colors.white.withValues(alpha: 0.5),
Android Build (APK & AAB)	Build Android	2026-01-14T14:00:05.7244074Z                                   ^^^^^^^^^^
Android Build (APK & AAB)	Build Android	2026-01-14T14:00:05.7245295Z lib/widgets/interactive_log_modal.dart:94:92: Error: The method 'withValues' isn't defined for the class 'Color'.
Android Build (APK & AAB)	Build Android	2026-01-14T14:00:05.7246359Z  - 'Color' is from 'dart:ui'.
Android Build (APK & AAB)	Build Android	2026-01-14T14:00:05.7247218Z Try correcting the name to the name of an existing method, or defining a method named 'withValues'.
Android Build (APK & AAB)	Build Android	2026-01-14T14:00:05.7248801Z                         color: _sleepHours == val ? const Color(0xFF10B981) : Colors.white.withValues(alpha: 0.05),
Android Build (APK & AAB)	Build Android	2026-01-14T14:00:05.7251100Z                                                                                           ^^^^^^^^^^
Android Build (APK & AAB)	Build Android	2026-01-14T14:00:05.7811273Z ../../../../.pub-cache/hosted/pub.dev/fl_chart-0.70.2/lib/src/chart/base/axis_chart/axis_chart_data.dart:1470:43: Error: The getter 'a' isn't defined for the class 'Color'.
Android Build (APK & AAB)	Build Android	2026-01-14T14:00:05.7812537Z  - 'Color' is from 'dart:ui'.
Android Build (APK & AAB)	Build Android	2026-01-14T14:00:05.7816128Z Try correcting the name to the name of an existing getter, or defining a getter or field named 'a'.
Android Build (APK & AAB)	Build Android	2026-01-14T14:00:05.7819545Z     if (strokeWidth != 0.0 && strokeColor.a != 0.0) {
Android Build (APK & AAB)	Build Android	2026-01-14T14:00:05.7822591Z                                           ^
Android Build (APK & AAB)	Build Android	2026-01-14T14:00:05.7826909Z ../../../../.pub-cache/hosted/pub.dev/fl_chart-0.70.2/lib/src/chart/base/axis_chart/axis_chart_data.dart:1567:43: Error: The getter 'a' isn't defined for the class 'Color'.
Android Build (APK & AAB)	Build Android	2026-01-14T14:00:05.7845346Z  - 'Color' is from 'dart:ui'.
Android Build (APK & AAB)	Build Android	2026-01-14T14:00:05.7846387Z Try correcting the name to the name of an existing getter, or defining a getter or field named 'a'.
Android Build (APK & AAB)	Build Android	2026-01-14T14:00:05.7847247Z     if (strokeWidth != 0.0 && strokeColor.a != 0.0) {
Android Build (APK & AAB)	Build Android	2026-01-14T14:00:05.7847721Z                                           ^
Android Build (APK & AAB)	Build Android	2026-01-14T14:00:05.7848906Z ../../../../.pub-cache/hosted/pub.dev/fl_chart-0.70.2/lib/src/chart/line_chart/line_chart_data.dart:550:35: Error: The method 'withValues' isn't defined for the class 'MaterialColor'.
Android Build (APK & AAB)	Build Android	2026-01-14T14:00:05.7850873Z  - 'MaterialColor' is from 'package:flutter/src/material/colors.dart' ('/opt/hostedtoolcache/flutter/stable-3.22.0-x64/packages/flutter/lib/src/material/colors.dart').
Android Build (APK & AAB)	Build Android	2026-01-14T14:00:05.7852357Z Try correcting the name to the name of an existing method, or defining a method named 'withValues'.
Android Build (APK & AAB)	Build Android	2026-01-14T14:00:05.7853155Z                 ? Colors.blueGrey.withValues(alpha: 0.5)
Android Build (APK & AAB)	Build Android	2026-01-14T14:00:05.7853628Z                                   ^^^^^^^^^^
Android Build (APK & AAB)	Build Android	2026-01-14T14:00:05.7854959Z ../../../../.pub-cache/hosted/pub.dev/fl_chart-0.70.2/lib/src/chart/line_chart/line_chart_data.dart:606:35: Error: The method 'withValues' isn't defined for the class 'MaterialColor'.
Android Build (APK & AAB)	Build Android	2026-01-14T14:00:05.7856904Z  - 'MaterialColor' is from 'package:flutter/src/material/colors.dart' ('/opt/hostedtoolcache/flutter/stable-3.22.0-x64/packages/flutter/lib/src/material/colors.dart').
Android Build (APK & AAB)	Build Android	2026-01-14T14:00:05.7858349Z Try correcting the name to the name of an existing method, or defining a method named 'withValues'.
Android Build (APK & AAB)	Build Android	2026-01-14T14:00:05.7859129Z                 ? Colors.blueGrey.withValues(alpha: 0.5)
Android Build (APK & AAB)	Build Android	2026-01-14T14:00:05.7859588Z                                   ^^^^^^^^^^
Android Build (APK & AAB)	Build Android	2026-01-14T14:00:05.7860743Z ../../../../.pub-cache/hosted/pub.dev/fl_chart-0.70.2/lib/src/chart/radar_chart/radar_chart_data.dart:300:46: Error: The method 'withValues' isn't defined for the class 'MaterialColor'.
Android Build (APK & AAB)	Build Android	2026-01-14T14:00:05.7862700Z  - 'MaterialColor' is from 'package:flutter/src/material/colors.dart' ('/opt/hostedtoolcache/flutter/stable-3.22.0-x64/packages/flutter/lib/src/material/colors.dart').
Android Build (APK & AAB)	Build Android	2026-01-14T14:00:05.7864189Z Try correcting the name to the name of an existing method, or defining a method named 'withValues'.
Android Build (APK & AAB)	Build Android	2026-01-14T14:00:05.7865631Z         fillColor = fillColor ?? Colors.cyan.withValues(alpha: 0.2),
Android Build (APK & AAB)	Build Android	2026-01-14T14:00:05.7866190Z                                              ^^^^^^^^^^
Android Build (APK & AAB)	Build Android	2026-01-14T14:00:05.7867248Z ../../../../.pub-cache/hosted/pub.dev/fl_chart-0.70.2/lib/src/extensions/color_extension.dart:9:20: Error: The getter 'a' isn't defined for the class 'Color'.
Android Build (APK & AAB)	Build Android	2026-01-14T14:00:05.7868307Z  - 'Color' is from 'dart:ui'.
Android Build (APK & AAB)	Build Android	2026-01-14T14:00:05.7876726Z Try correcting the name to the name of an existing getter, or defining a getter or field named 'a'.
Android Build (APK & AAB)	Build Android	2026-01-14T14:00:05.7882940Z       _floatToInt8(a),
Android Build (APK & AAB)	Build Android	2026-01-14T14:00:05.7883304Z                    ^
Android Build (APK & AAB)	Build Android	2026-01-14T14:00:05.7884265Z ../../../../.pub-cache/hosted/pub.dev/fl_chart-0.70.2/lib/src/extensions/color_extension.dart:10:21: Error: The getter 'r' isn't defined for the class 'Color'.
Android Build (APK & AAB)	Build Android	2026-01-14T14:00:05.7885304Z  - 'Color' is from 'dart:ui'.
Android Build (APK & AAB)	Build Android	2026-01-14T14:00:05.7885730Z Try correcting the name to the name of an existing getter, or defining a getter or field named 'r'.
Android Build (APK & AAB)	Build Android	2026-01-14T14:00:05.7886178Z       (_floatToInt8(r) * value).round(),
Android Build (APK & AAB)	Build Android	2026-01-14T14:00:05.7886406Z                     ^
Android Build (APK & AAB)	Build Android	2026-01-14T14:00:05.7886970Z ../../../../.pub-cache/hosted/pub.dev/fl_chart-0.70.2/lib/src/extensions/color_extension.dart:11:21: Error: The getter 'g' isn't defined for the class 'Color'.
Android Build (APK & AAB)	Build Android	2026-01-14T14:00:05.7887581Z  - 'Color' is from 'dart:ui'.
Android Build (APK & AAB)	Build Android	2026-01-14T14:00:05.7887970Z Try correcting the name to the name of an existing getter, or defining a getter or field named 'g'.
Android Build (APK & AAB)	Build Android	2026-01-14T14:00:05.7888391Z       (_floatToInt8(g) * value).round(),
Android Build (APK & AAB)	Build Android	2026-01-14T14:00:05.7888624Z                     ^
Android Build (APK & AAB)	Build Android	2026-01-14T14:00:05.7889171Z ../../../../.pub-cache/hosted/pub.dev/fl_chart-0.70.2/lib/src/extensions/color_extension.dart:12:21: Error: The getter 'b' isn't defined for the class 'Color'.
Android Build (APK & AAB)	Build Android	2026-01-14T14:00:05.7889775Z  - 'Color' is from 'dart:ui'.
Android Build (APK & AAB)	Build Android	2026-01-14T14:00:05.7890161Z Try correcting the name to the name of an existing getter, or defining a getter or field named 'b'.
Android Build (APK & AAB)	Build Android	2026-01-14T14:00:05.7890601Z       (_floatToInt8(b) * value).round(),
Android Build (APK & AAB)	Build Android	2026-01-14T14:00:05.7890826Z                     ^
Android Build (APK & AAB)	Build Android	2026-01-14T14:00:05.8822285Z ../../../../.pub-cache/hosted/pub.dev/fl_chart-0.70.2/lib/src/chart/base/axis_chart/axis_chart_painter.dart:159:30: Error: The getter 'a' isn't defined for the class 'Color'.
Android Build (APK & AAB)	Build Android	2026-01-14T14:00:05.8824093Z  - 'Color' is from 'dart:ui'.
Android Build (APK & AAB)	Build Android	2026-01-14T14:00:05.8825180Z Try correcting the name to the name of an existing getter, or defining a getter or field named 'a'.
Android Build (APK & AAB)	Build Android	2026-01-14T14:00:05.8827027Z     if (data.backgroundColor.a == 0.0) {
Android Build (APK & AAB)	Build Android	2026-01-14T14:00:05.8827488Z                              ^
Android Build (APK & AAB)	Build Android	2026-01-14T14:00:05.8828578Z ../../../../.pub-cache/hosted/pub.dev/fl_chart-0.70.2/lib/src/extensions/border_extension.dart:12:20: Error: The getter 'a' isn't defined for the class 'Color'.
Android Build (APK & AAB)	Build Android	2026-01-14T14:00:05.8829764Z  - 'Color' is from 'dart:ui'.
Android Build (APK & AAB)	Build Android	2026-01-14T14:00:05.8830498Z Try correcting the name to the name of an existing getter, or defining a getter or field named 'a'.
Android Build (APK & AAB)	Build Android	2026-01-14T14:00:05.8831347Z     if (left.color.a == 0.0 &&
Android Build (APK & AAB)	Build Android	2026-01-14T14:00:05.8831735Z                    ^
Android Build (APK & AAB)	Build Android	2026-01-14T14:00:05.8832773Z ../../../../.pub-cache/hosted/pub.dev/fl_chart-0.70.2/lib/src/extensions/border_extension.dart:13:19: Error: The getter 'a' isn't defined for the class 'Color'.
Android Build (APK & AAB)	Build Android	2026-01-14T14:00:05.8833927Z  - 'Color' is from 'dart:ui'.
Android Build (APK & AAB)	Build Android	2026-01-14T14:00:05.8834849Z Try correcting the name to the name of an existing getter, or defining a getter or field named 'a'.
Android Build (APK & AAB)	Build Android	2026-01-14T14:00:05.8835643Z         top.color.a == 0.0 &&
Android Build (APK & AAB)	Build Android	2026-01-14T14:00:05.8836024Z                   ^
Android Build (APK & AAB)	Build Android	2026-01-14T14:00:05.8837026Z ../../../../.pub-cache/hosted/pub.dev/fl_chart-0.70.2/lib/src/extensions/border_extension.dart:14:21: Error: The getter 'a' isn't defined for the class 'Color'.
Android Build (APK & AAB)	Build Android	2026-01-14T14:00:05.8838193Z  - 'Color' is from 'dart:ui'.
Android Build (APK & AAB)	Build Android	2026-01-14T14:00:05.8838917Z Try correcting the name to the name of an existing getter, or defining a getter or field named 'a'.
Android Build (APK & AAB)	Build Android	2026-01-14T14:00:05.8839715Z         right.color.a == 0.0 &&
Android Build (APK & AAB)	Build Android	2026-01-14T14:00:05.8840578Z                     ^
Android Build (APK & AAB)	Build Android	2026-01-14T14:00:05.8841646Z ../../../../.pub-cache/hosted/pub.dev/fl_chart-0.70.2/lib/src/extensions/border_extension.dart:15:22: Error: The getter 'a' isn't defined for the class 'Color'.
Android Build (APK & AAB)	Build Android	2026-01-14T14:00:05.8842813Z  - 'Color' is from 'dart:ui'.
Android Build (APK & AAB)	Build Android	2026-01-14T14:00:05.8843418Z Try correcting the name to the name of an existing getter, or defining a getter or field named 'a'.
Android Build (APK & AAB)	Build Android	2026-01-14T14:00:05.8843870Z         bottom.color.a == 0.0) {
Android Build (APK & AAB)	Build Android	2026-01-14T14:00:05.8844085Z                      ^
Android Build (APK & AAB)	Build Android	2026-01-14T14:00:05.9808998Z ../../../../.pub-cache/hosted/pub.dev/fl_chart-0.70.2/lib/src/chart/bar_chart/bar_chart_painter.dart:339:56: Error: The getter 'a' isn't defined for the class 'Color'.
Android Build (APK & AAB)	Build Android	2026-01-14T14:00:05.9810915Z  - 'Color' is from 'dart:ui'.
Android Build (APK & AAB)	Build Android	2026-01-14T14:00:05.9814033Z Try correcting the name to the name of an existing getter, or defining a getter or field named 'a'.
Android Build (APK & AAB)	Build Android	2026-01-14T14:00:05.9815413Z           if (borderSide.width > 0 && borderSide.color.a > 0) {
Android Build (APK & AAB)	Build Android	2026-01-14T14:00:05.9816176Z                                                        ^
Android Build (APK & AAB)	Build Android	2026-01-14T14:00:05.9821098Z ../../../../.pub-cache/hosted/pub.dev/fl_chart-0.70.2/lib/src/chart/bar_chart/bar_chart_painter.dart:637:71: Error: The getter 'a' isn't defined for the class 'Color'.
Android Build (APK & AAB)	Build Android	2026-01-14T14:00:05.9822334Z  - 'Color' is from 'dart:ui'.
Android Build (APK & AAB)	Build Android	2026-01-14T14:00:05.9823074Z Try correcting the name to the name of an existing getter, or defining a getter or field named 'a'.
Android Build (APK & AAB)	Build Android	2026-01-14T14:00:05.9824109Z     if (stackItem.borderSide.width == 0 || stackItem.borderSide.color.a == 0) {
Android Build (APK & AAB)	Build Android	2026-01-14T14:00:05.9825592Z                                                                       ^
Android Build (APK & AAB)	Build Android	2026-01-14T14:00:05.9826677Z ../../../../.pub-cache/hosted/pub.dev/fl_chart-0.70.2/lib/src/chart/line_chart/line_chart_painter.dart:1001:47: Error: The getter 'a' isn't defined for the class 'Color'.
Android Build (APK & AAB)	Build Android	2026-01-14T14:00:05.9827362Z  - 'Color' is from 'dart:ui'.
Android Build (APK & AAB)	Build Android	2026-01-14T14:00:05.9827768Z Try correcting the name to the name of an existing getter, or defining a getter or field named 'a'.
Android Build (APK & AAB)	Build Android	2026-01-14T14:00:05.9828244Z     if (!barData.show || barData.shadow.color.a == 0.0) {
Android Build (APK & AAB)	Build Android	2026-01-14T14:00:05.9828552Z                                               ^
Android Build (APK & AAB)	Build Android	2026-01-14T14:00:06.0820018Z ../../../../.pub-cache/hosted/pub.dev/fl_chart-0.70.2/lib/src/extensions/paint_extension.dart:8:21: Error: The method 'withValues' isn't defined for the class 'Color'.
Android Build (APK & AAB)	Build Android	2026-01-14T14:00:06.0822208Z  - 'Color' is from 'dart:ui'.
Android Build (APK & AAB)	Build Android	2026-01-14T14:00:06.0822969Z Try correcting the name to the name of an existing method, or defining a method named 'withValues'.
Android Build (APK & AAB)	Build Android	2026-01-14T14:00:06.0823795Z       color = color.withValues(alpha: 0);
Android Build (APK & AAB)	Build Android	2026-01-14T14:00:06.0824233Z                     ^^^^^^^^^^
Android Build (APK & AAB)	Build Android	2026-01-14T14:00:06.0825714Z ../../../../.pub-cache/hosted/pub.dev/fl_chart-0.70.2/lib/src/chart/pie_chart/pie_chart_painter.dart:146:38: Error: The getter 'a' isn't defined for the class 'Color'.
Android Build (APK & AAB)	Build Android	2026-01-14T14:00:06.0826891Z  - 'Color' is from 'dart:ui'.
Android Build (APK & AAB)	Build Android	2026-01-14T14:00:06.0827639Z Try correcting the name to the name of an existing getter, or defining a getter or field named 'a'.
Android Build (APK & AAB)	Build Android	2026-01-14T14:00:06.0828466Z             section.borderSide.color.a != 0.0) {
Android Build (APK & AAB)	Build Android	2026-01-14T14:00:06.0828944Z                                      ^
Android Build (APK & AAB)	Build Android	2026-01-14T14:00:06.0830045Z ../../../../.pub-cache/hosted/pub.dev/fl_chart-0.70.2/lib/src/chart/pie_chart/pie_chart_painter.dart:332:69: Error: The getter 'a' isn't defined for the class 'Color'.
Android Build (APK & AAB)	Build Android	2026-01-14T14:00:06.0831207Z  - 'Color' is from 'dart:ui'.
Android Build (APK & AAB)	Build Android	2026-01-14T14:00:06.0836057Z Try correcting the name to the name of an existing getter, or defining a getter or field named 'a'.
Android Build (APK & AAB)	Build Android	2026-01-14T14:00:06.0848784Z     if (section.borderSide.width != 0.0 && section.borderSide.color.a != 0.0) {
Android Build (APK & AAB)	Build Android	2026-01-14T14:00:06.0850625Z                                                                     ^
Android Build (APK & AAB)	Build Android	2026-01-14T14:00:08.1807698Z Target kernel_snapshot failed: Exception
Android Build (APK & AAB)	Build Android	2026-01-14T14:00:08.2858010Z 
Android Build (APK & AAB)	Build Android	2026-01-14T14:00:08.2859073Z 
Android Build (APK & AAB)	Build Android	2026-01-14T14:00:08.2859755Z FAILURE: Build failed with an exception.
Android Build (APK & AAB)	Build Android	2026-01-14T14:00:08.2861157Z 
Android Build (APK & AAB)	Build Android	2026-01-14T14:00:08.2861762Z * What went wrong:
Android Build (APK & AAB)	Build Android	2026-01-14T14:00:08.2866207Z Execution failed for task ':app:compileFlutterBuildRelease'.
Android Build (APK & AAB)	Build Android	2026-01-14T14:00:08.2867575Z > Process 'command '/opt/hostedtoolcache/flutter/stable-3.22.0-x64/bin/flutter'' finished with non-zero exit value 1
Android Build (APK & AAB)	Build Android	2026-01-14T14:00:08.2868535Z 
Android Build (APK & AAB)	Build Android	2026-01-14T14:00:08.2871912Z * Try:
Android Build (APK & AAB)	Build Android	2026-01-14T14:00:08.2905619Z > Run with --stacktrace option to get the stack trace.
Android Build (APK & AAB)	Build Android	2026-01-14T14:00:08.2906864Z > Run with --info or --debug option to get more log output.
Android Build (APK & AAB)	Build Android	2026-01-14T14:00:08.2907701Z > Run with --scan to get full insights.
Android Build (APK & AAB)	Build Android	2026-01-14T14:00:08.2908208Z > Get more help at https://help.gradle.org.
Android Build (APK & AAB)	Build Android	2026-01-14T14:00:08.2908535Z 
Android Build (APK & AAB)	Build Android	2026-01-14T14:00:08.2908984Z BUILD FAILED in 2m 6s
Android Build (APK & AAB)	Build Android	2026-01-14T14:00:08.8120485Z Running Gradle task 'assembleRelease'...                          127.6s
Android Build (APK & AAB)	Build Android	2026-01-14T14:00:08.8164608Z Gradle task assembleRelease failed with exit code 1
Android Build (APK & AAB)	Build Android	2026-01-14T14:00:08.8232065Z ##[error]Process completed with exit code 1.
Web PWA Build	Build Web	∩╗┐2026-01-14T13:57:45.8035277Z ##[group]Run cd mobile
Web PWA Build	Build Web	2026-01-14T13:57:45.8035623Z [36;1mcd mobile[0m
Web PWA Build	Build Web	2026-01-14T13:57:45.8035874Z [36;1mflutter pub get[0m
Web PWA Build	Build Web	2026-01-14T13:57:45.8036205Z [36;1mflutter build web --release --base-href /mobile/[0m
Web PWA Build	Build Web	2026-01-14T13:57:45.8074085Z shell: /usr/bin/bash -e {0}
Web PWA Build	Build Web	2026-01-14T13:57:45.8074425Z env:
Web PWA Build	Build Web	2026-01-14T13:57:45.8074786Z   FLUTTER_ROOT: /opt/hostedtoolcache/flutter/stable-3.22.0-x64
Web PWA Build	Build Web	2026-01-14T13:57:45.8075222Z   PUB_CACHE: /home/runner/.pub-cache
Web PWA Build	Build Web	2026-01-14T13:57:45.8075540Z ##[endgroup]
Web PWA Build	Build Web	2026-01-14T13:57:46.0174227Z 
Web PWA Build	Build Web	2026-01-14T13:57:46.0188331Z   ΓòöΓòÉΓòÉΓòÉΓòÉΓòÉΓòÉΓòÉΓòÉΓòÉΓòÉΓòÉΓòÉΓòÉΓòÉΓòÉΓòÉΓòÉΓòÉΓòÉΓòÉΓòÉΓòÉΓòÉΓòÉΓòÉΓòÉΓòÉΓòÉΓòÉΓòÉΓòÉΓòÉΓòÉΓòÉΓòÉΓòÉΓòÉΓòÉΓòÉΓòÉΓòÉΓòÉΓòÉΓòÉΓòÉΓòÉΓòÉΓòÉΓòÉΓòÉΓòÉΓòÉΓòÉΓòÉΓòÉΓòÉΓòÉΓòÉΓòÉΓòÉΓòÉΓòÉΓòÉΓòÉΓòÉΓòÉΓòÉΓòÉΓòÉΓòÉΓòÉΓòÉΓòÉΓòÉΓòÉΓòÉΓòù
Web PWA Build	Build Web	2026-01-14T13:57:46.0192524Z   Γòæ                 Welcome to Flutter! - https://flutter.dev                  Γòæ
Web PWA Build	Build Web	2026-01-14T13:57:46.0193399Z   Γòæ                                                                            Γòæ
Web PWA Build	Build Web	2026-01-14T13:57:46.0194208Z   Γòæ The Flutter tool uses Google Analytics to anonymously report feature usage Γòæ
Web PWA Build	Build Web	2026-01-14T13:57:46.0195184Z   Γòæ statistics and basic crash reports. This data is used to help improve      Γòæ
Web PWA Build	Build Web	2026-01-14T13:57:46.0196331Z   Γòæ Flutter tools over time.                                                   Γòæ
Web PWA Build	Build Web	2026-01-14T13:57:46.0197319Z   Γòæ                                                                            Γòæ
Web PWA Build	Build Web	2026-01-14T13:57:46.0198281Z   Γòæ Flutter tool analytics are not sent on the very first run. To disable      Γòæ
Web PWA Build	Build Web	2026-01-14T13:57:46.0199808Z   Γòæ reporting, type 'flutter config --no-analytics'. To display the current    Γòæ
Web PWA Build	Build Web	2026-01-14T13:57:46.0200945Z   Γòæ setting, type 'flutter config'. If you opt out of analytics, an opt-out    Γòæ
Web PWA Build	Build Web	2026-01-14T13:57:46.0202407Z   Γòæ event will be sent, and then no further information will be sent by the    Γòæ
Web PWA Build	Build Web	2026-01-14T13:57:46.0203404Z   Γòæ Flutter tool.                                                              Γòæ
Web PWA Build	Build Web	2026-01-14T13:57:46.0204205Z   Γòæ                                                                            Γòæ
Web PWA Build	Build Web	2026-01-14T13:57:46.0205143Z   Γòæ By downloading the Flutter SDK, you agree to the Google Terms of Service.  Γòæ
Web PWA Build	Build Web	2026-01-14T13:57:46.0206231Z   Γòæ The Google Privacy Policy describes how data is handled in this service.   Γòæ
Web PWA Build	Build Web	2026-01-14T13:57:46.0207119Z   Γòæ                                                                            Γòæ
Web PWA Build	Build Web	2026-01-14T13:57:46.0208082Z   Γòæ Moreover, Flutter includes the Dart SDK, which may send usage metrics and  Γòæ
Web PWA Build	Build Web	2026-01-14T13:57:46.0209229Z   Γòæ crash reports to Google.                                                   Γòæ
Web PWA Build	Build Web	2026-01-14T13:57:46.0210065Z   Γòæ                                                                            Γòæ
Web PWA Build	Build Web	2026-01-14T13:57:46.0210924Z   Γòæ Read about data we send with crash reports:                                Γòæ
Web PWA Build	Build Web	2026-01-14T13:57:46.0212225Z   Γòæ https://flutter.dev/docs/reference/crash-reporting                         Γòæ
Web PWA Build	Build Web	2026-01-14T13:57:46.0213205Z   Γòæ                                                                            Γòæ
Web PWA Build	Build Web	2026-01-14T13:57:46.0214098Z   Γòæ See Google's privacy policy:                                               Γòæ
Web PWA Build	Build Web	2026-01-14T13:57:46.0215191Z   Γòæ https://policies.google.com/privacy                                        Γòæ
Web PWA Build	Build Web	2026-01-14T13:57:46.0216155Z   Γòæ                                                                            Γòæ
Web PWA Build	Build Web	2026-01-14T13:57:46.0217061Z   Γòæ To disable animations in this tool, use                                    Γòæ
Web PWA Build	Build Web	2026-01-14T13:57:46.0218091Z   Γòæ 'flutter config --no-cli-animations'.                                      Γòæ
Web PWA Build	Build Web	2026-01-14T13:57:46.0219151Z   ΓòÜΓòÉΓòÉΓòÉΓòÉΓòÉΓòÉΓòÉΓòÉΓòÉΓòÉΓòÉΓòÉΓòÉΓòÉΓòÉΓòÉΓòÉΓòÉΓòÉΓòÉΓòÉΓòÉΓòÉΓòÉΓòÉΓòÉΓòÉΓòÉΓòÉΓòÉΓòÉΓòÉΓòÉΓòÉΓòÉΓòÉΓòÉΓòÉΓòÉΓòÉΓòÉΓòÉΓòÉΓòÉΓòÉΓòÉΓòÉΓòÉΓòÉΓòÉΓòÉΓòÉΓòÉΓòÉΓòÉΓòÉΓòÉΓòÉΓòÉΓòÉΓòÉΓòÉΓòÉΓòÉΓòÉΓòÉΓòÉΓòÉΓòÉΓòÉΓòÉΓòÉΓòÉΓòÉΓòÉΓòÉΓò¥
Web PWA Build	Build Web	2026-01-14T13:57:46.0219655Z 
Web PWA Build	Build Web	2026-01-14T13:57:51.1201218Z Resolving dependencies...
Web PWA Build	Build Web	2026-01-14T13:57:52.4102111Z Downloading packages...
Web PWA Build	Build Web	2026-01-14T13:57:56.7075649Z < async 2.11.0 (was 2.13.0) (2.13.0 available)
Web PWA Build	Build Web	2026-01-14T13:57:56.7076526Z < boolean_selector 2.1.1 (was 2.1.2) (2.1.2 available)
Web PWA Build	Build Web	2026-01-14T13:57:56.7077176Z < characters 1.3.0 (was 1.4.0) (1.4.1 available)
Web PWA Build	Build Web	2026-01-14T13:57:56.7077758Z < checked_yaml 2.0.3 (was 2.0.4) (2.0.4 available)
Web PWA Build	Build Web	2026-01-14T13:57:56.7078986Z < clock 1.1.1 (was 1.1.2) (1.1.2 available)
Web PWA Build	Build Web	2026-01-14T13:57:56.7079704Z < collection 1.18.0 (was 1.19.1) (1.19.1 available)
Web PWA Build	Build Web	2026-01-14T13:57:56.7080533Z < fake_async 1.3.1 (was 1.3.3) (1.3.3 available)
Web PWA Build	Build Web	2026-01-14T13:57:56.7081341Z < ffi 2.1.3 (was 2.1.5) (2.1.5 available)
Web PWA Build	Build Web	2026-01-14T13:57:56.7082268Z   fl_chart 0.70.2 (1.1.1 available)
Web PWA Build	Build Web	2026-01-14T13:57:56.7082961Z   flutter_launcher_icons 0.13.1 (0.14.4 available)
Web PWA Build	Build Web	2026-01-14T13:57:56.7083844Z < flutter_lints 4.0.0 (was 6.0.0) (6.0.0 available)
Web PWA Build	Build Web	2026-01-14T13:57:56.7084667Z < flutter_lucide 1.2.0 (was 1.8.2) (1.8.2 available)
Web PWA Build	Build Web	2026-01-14T13:57:56.7085701Z < flutter_native_splash 2.4.1 (was 2.4.7) (2.4.7 available)
Web PWA Build	Build Web	2026-01-14T13:57:56.7086665Z < flutter_svg 2.1.0 (was 2.2.3) (2.2.3 available)
Web PWA Build	Build Web	2026-01-14T13:57:56.7087467Z   go_router 14.8.1 (17.0.1 available)
Web PWA Build	Build Web	2026-01-14T13:57:56.7088246Z < google_fonts 6.3.0 (was 6.3.3) (7.0.2 available)
Web PWA Build	Build Web	2026-01-14T13:57:56.7089060Z < google_sign_in 6.2.2 (was 6.3.0) (7.2.0 available)
Web PWA Build	Build Web	2026-01-14T13:57:56.7089624Z < google_sign_in_android 6.1.31 (was 6.2.1) (7.2.7 available)
Web PWA Build	Build Web	2026-01-14T13:57:56.7090185Z   google_sign_in_ios 5.9.0 (6.2.4 available)
Web PWA Build	Build Web	2026-01-14T13:57:56.7090702Z   google_sign_in_platform_interface 2.5.0 (3.1.0 available)
Web PWA Build	Build Web	2026-01-14T13:57:56.7091304Z   google_sign_in_web 0.12.4+4 (1.1.0 available)
Web PWA Build	Build Web	2026-01-14T13:57:56.7092042Z < http_parser 4.0.2 (was 4.1.2) (4.1.2 available)
Web PWA Build	Build Web	2026-01-14T13:57:56.7092918Z < leak_tracker 10.0.4 (was 11.0.2) (11.0.2 available)
Web PWA Build	Build Web	2026-01-14T13:57:56.7093597Z < leak_tracker_flutter_testing 3.0.3 (was 3.0.10) (3.0.10 available)
Web PWA Build	Build Web	2026-01-14T13:57:56.7094328Z < leak_tracker_testing 3.0.1 (was 3.0.2) (3.0.2 available)
Web PWA Build	Build Web	2026-01-14T13:57:56.7094900Z < lints 4.0.0 (was 6.0.0) (6.0.0 available)
Web PWA Build	Build Web	2026-01-14T13:57:56.7095452Z < matcher 0.12.16+1 (was 0.12.17) (0.12.18 available)
Web PWA Build	Build Web	2026-01-14T13:57:56.7096087Z < material_color_utilities 0.8.0 (was 0.11.1) (0.13.0 available)
Web PWA Build	Build Web	2026-01-14T13:57:56.7096722Z < meta 1.12.0 (was 1.17.0) (1.17.0 available)
Web PWA Build	Build Web	2026-01-14T13:57:56.7097223Z < path 1.9.0 (was 1.9.1) (1.9.1 available)
Web PWA Build	Build Web	2026-01-14T13:57:56.7097805Z < path_provider_android 2.2.10 (was 2.2.22) (2.2.22 available)
Web PWA Build	Build Web	2026-01-14T13:57:56.7098495Z < path_provider_foundation 2.4.1 (was 2.5.1) (2.5.1 available)
Web PWA Build	Build Web	2026-01-14T13:57:56.7099106Z < petitparser 6.0.2 (was 7.0.1) (7.0.1 available)
Web PWA Build	Build Web	2026-01-14T13:57:56.7099673Z < shared_preferences 2.3.3 (was 2.5.4) (2.5.4 available)
Web PWA Build	Build Web	2026-01-14T13:57:56.7100339Z < shared_preferences_android 2.3.2 (was 2.4.18) (2.4.18 available)
Web PWA Build	Build Web	2026-01-14T13:57:56.7101097Z < shared_preferences_foundation 2.5.4 (was 2.5.6) (2.5.6 available)
Web PWA Build	Build Web	2026-01-14T13:57:56.7102066Z > sky_engine 0.0.99 from sdk flutter (was 0.0.0 from sdk flutter)
Web PWA Build	Build Web	2026-01-14T13:57:56.7102743Z < source_span 1.10.0 (was 1.10.1) (1.10.1 available)
Web PWA Build	Build Web	2026-01-14T13:57:56.7103315Z < stack_trace 1.11.1 (was 1.12.1) (1.12.1 available)
Web PWA Build	Build Web	2026-01-14T13:57:56.7103882Z < stream_channel 2.1.2 (was 2.1.4) (2.1.4 available)
Web PWA Build	Build Web	2026-01-14T13:57:56.7104464Z < string_scanner 1.2.0 (was 1.4.1) (1.4.1 available)
Web PWA Build	Build Web	2026-01-14T13:57:56.7104974Z < term_glyph 1.2.1 (was 1.2.2) (1.2.2 available)
Web PWA Build	Build Web	2026-01-14T13:57:56.7105477Z < test_api 0.7.0 (was 0.7.7) (0.7.9 available)
Web PWA Build	Build Web	2026-01-14T13:57:56.7105954Z < typed_data 1.3.2 (was 1.4.0) (1.4.0 available)
Web PWA Build	Build Web	2026-01-14T13:57:56.7106462Z < universal_io 2.2.2 (was 2.3.1) (2.3.1 available)
Web PWA Build	Build Web	2026-01-14T13:57:56.7107009Z < vector_graphics 1.1.18 (was 1.1.19) (1.1.19 available)
Web PWA Build	Build Web	2026-01-14T13:57:56.7107644Z < vector_graphics_compiler 1.1.16 (was 1.1.19) (1.1.19 available)
Web PWA Build	Build Web	2026-01-14T13:57:56.7108221Z < vector_math 2.1.4 (was 2.2.0) (2.2.0 available)
Web PWA Build	Build Web	2026-01-14T13:57:56.7108720Z < vm_service 14.2.1 (was 15.0.2) (15.0.2 available)
Web PWA Build	Build Web	2026-01-14T13:57:56.7109192Z < xml 6.5.0 (was 6.6.1) (6.6.1 available)
Web PWA Build	Build Web	2026-01-14T13:57:56.7109615Z Changed 44 dependencies!
Web PWA Build	Build Web	2026-01-14T13:57:56.7110217Z 49 packages have newer versions incompatible with dependency constraints.
Web PWA Build	Build Web	2026-01-14T13:57:56.7110937Z Try `flutter pub outdated` for more information.
Web PWA Build	Build Web	2026-01-14T13:57:57.6816071Z 
Web PWA Build	Build Web	2026-01-14T13:58:13.4257947Z Compiling lib/main.dart for the Web...                          
Web PWA Build	Build Web	2026-01-14T13:58:13.4301678Z Target dart2js failed: ProcessException: Process exited abnormally with exit code 1:
Web PWA Build	Build Web	2026-01-14T13:58:13.4304198Z lib/screens/auth/onboarding_screen.dart:70:45:
Web PWA Build	Build Web	2026-01-14T13:58:13.4305224Z Error: The method 'withValues' isn't defined for the class 'Color'.
Web PWA Build	Build Web	2026-01-14T13:58:13.4306114Z  - 'Color' is from 'dart:ui'.
Web PWA Build	Build Web	2026-01-14T13:58:13.4306752Z                         color: Colors.white.withValues(alpha: 0.6),
Web PWA Build	Build Web	2026-01-14T13:58:13.4307560Z                                             ^^^^^^^^^^
Web PWA Build	Build Web	2026-01-14T13:58:13.4308344Z lib/screens/auth/onboarding_screen.dart:95:95:
Web PWA Build	Build Web	2026-01-14T13:58:13.4309487Z Error: The method 'withValues' isn't defined for the class 'Color'.
Web PWA Build	Build Web	2026-01-14T13:58:13.4310611Z  - 'Color' is from 'dart:ui'.
Web PWA Build	Build Web	2026-01-14T13:58:13.4312000Z                         color: _currentPage == index ? const Color(0xFF10B981) : Colors.white.withValues(alpha: 0.2),
Web PWA Build	Build Web	2026-01-14T13:58:13.4313048Z                                                                                           ^^^^^^^^^^
Web PWA Build	Build Web	2026-01-14T13:58:13.4313765Z lib/screens/main/main_layout.dart:73:38:
Web PWA Build	Build Web	2026-01-14T13:58:13.4314358Z Error: Member not found: 'house'.
Web PWA Build	Build Web	2026-01-14T13:58:13.4314905Z               icon: Icon(LucideIcons.house),
Web PWA Build	Build Web	2026-01-14T13:58:13.4315429Z                                      ^^^^^
Web PWA Build	Build Web	2026-01-14T13:58:13.4316370Z lib/screens/main/main_layout.dart:57:49:
Web PWA Build	Build Web	2026-01-14T13:58:13.4317121Z Error: The method 'withValues' isn't defined for the class 'Color'.
Web PWA Build	Build Web	2026-01-14T13:58:13.4317906Z  - 'Color' is from 'dart:ui'.
Web PWA Build	Build Web	2026-01-14T13:58:13.4318687Z             top: BorderSide(color: Colors.white.withValues(alpha: 0.05), width: 1),
Web PWA Build	Build Web	2026-01-14T13:58:13.4319480Z                                                 ^^^^^^^^^^
Web PWA Build	Build Web	2026-01-14T13:58:13.4319954Z lib/screens/home_screen.dart:58:43:
Web PWA Build	Build Web	2026-01-14T13:58:13.4320342Z Error: The method 'withValues' isn't defined for the class 'Color'.
Web PWA Build	Build Web	2026-01-14T13:58:13.4320743Z  - 'Color' is from 'dart:ui'.
Web PWA Build	Build Web	2026-01-14T13:58:13.4321055Z                       color: Colors.white.withValues(alpha: 0.9),
Web PWA Build	Build Web	2026-01-14T13:58:13.4321427Z                                           ^^^^^^^^^^
Web PWA Build	Build Web	2026-01-14T13:58:13.4321939Z lib/screens/home_screen.dart:114:42:
Web PWA Build	Build Web	2026-01-14T13:58:13.4322297Z Error: The method 'withValues' isn't defined for the class 'Color'.
Web PWA Build	Build Web	2026-01-14T13:58:13.4322638Z  - 'Color' is from 'dart:ui'.
Web PWA Build	Build Web	2026-01-14T13:58:13.4322904Z                             Colors.white.withValues(alpha: 0.1),
Web PWA Build	Build Web	2026-01-14T13:58:13.4323191Z                                          ^^^^^^^^^^
Web PWA Build	Build Web	2026-01-14T13:58:13.4323440Z lib/screens/track_screen.dart:156:67:
Web PWA Build	Build Web	2026-01-14T13:58:13.4323750Z Error: The method 'withValues' isn't defined for the class 'Color'.
Web PWA Build	Build Web	2026-01-14T13:58:13.4324060Z  - 'Color' is from 'dart:ui'.
Web PWA Build	Build Web	2026-01-14T13:58:13.4324448Z                 Text(status, style: TextStyle(color: Colors.white.withValues(alpha: 0.4), fontSize: 12)),
Web PWA Build	Build Web	2026-01-14T13:58:13.4324893Z                                                                   ^^^^^^^^^^
Web PWA Build	Build Web	2026-01-14T13:58:13.4325185Z lib/screens/routines_screen.dart:88:48:
Web PWA Build	Build Web	2026-01-14T13:58:13.4325504Z Error: The method 'withValues' isn't defined for the class 'Color'.
Web PWA Build	Build Web	2026-01-14T13:58:13.4325830Z  - 'Color' is from 'dart:ui'.
Web PWA Build	Build Web	2026-01-14T13:58:13.4326140Z         border: Border.all(color: Colors.white.withValues(alpha: 0.05)),
Web PWA Build	Build Web	2026-01-14T13:58:13.4326476Z                                                ^^^^^^^^^^
Web PWA Build	Build Web	2026-01-14T13:58:13.4326751Z lib/screens/routines_screen.dart:100:81:
Web PWA Build	Build Web	2026-01-14T13:58:13.4327067Z Error: The method 'withValues' isn't defined for the class 'Color'.
Web PWA Build	Build Web	2026-01-14T13:58:13.4327380Z  - 'Color' is from 'dart:ui'.
Web PWA Build	Build Web	2026-01-14T13:58:13.4328268Z                 Text('$duration ΓÇó $level', style: TextStyle(color: Colors.white.withValues(alpha: 0.4), fontSize: 13)),
Web PWA Build	Build Web	2026-01-14T13:58:13.4329224Z                                                                                 ^^^^^^^^^^
Web PWA Build	Build Web	2026-01-14T13:58:13.4329763Z lib/screens/chat_screen.dart:28:85:
Web PWA Build	Build Web	2026-01-14T13:58:13.4330187Z Error: Member not found: 'black'.
Web PWA Build	Build Web	2026-01-14T13:58:13.4330929Z                   style: TextStyle(color: Color(0xFF10B981), fontWeight: FontWeight.black, fontSize: 14),
Web PWA Build	Build Web	2026-01-14T13:58:13.4332281Z                                                                                     ^^^^^
Web PWA Build	Build Web	2026-01-14T13:58:13.4332869Z lib/widgets/quick_actions_fab.dart:52:50:
Web PWA Build	Build Web	2026-01-14T13:58:13.4333411Z Error: The method 'withValues' isn't defined for the class 'Color'.
Web PWA Build	Build Web	2026-01-14T13:58:13.4333782Z  - 'Color' is from 'dart:ui'.
Web PWA Build	Build Web	2026-01-14T13:58:13.4334068Z                   color: const Color(0xFF10B981).withValues(alpha: 0.3),
Web PWA Build	Build Web	2026-01-14T13:58:13.4334379Z                                                  ^^^^^^^^^^
Web PWA Build	Build Web	2026-01-14T13:58:13.4334646Z lib/widgets/bio_digital_twin.dart:25:48:
Web PWA Build	Build Web	2026-01-14T13:58:13.4334965Z Error: The method 'withValues' isn't defined for the class 'Color'.
Web PWA Build	Build Web	2026-01-14T13:58:13.4335284Z  - 'Color' is from 'dart:ui'.
Web PWA Build	Build Web	2026-01-14T13:58:13.4335576Z         border: Border.all(color: Colors.white.withValues(alpha: 0.05)),
Web PWA Build	Build Web	2026-01-14T13:58:13.4335918Z                                                ^^^^^^^^^^
Web PWA Build	Build Web	2026-01-14T13:58:13.4336187Z lib/widgets/bio_digital_twin.dart:46:46:
Web PWA Build	Build Web	2026-01-14T13:58:13.4336504Z Error: The method 'withValues' isn't defined for the class 'Color'.
Web PWA Build	Build Web	2026-01-14T13:58:13.4336819Z  - 'Color' is from 'dart:ui'.
Web PWA Build	Build Web	2026-01-14T13:58:13.4337080Z               color: const Color(0xFF10B981).withValues(alpha: 0.7),
Web PWA Build	Build Web	2026-01-14T13:58:13.4337576Z                                              ^^^^^^^^^^
Web PWA Build	Build Web	2026-01-14T13:58:13.4337864Z lib/widgets/bio_digital_twin.dart:58:39:
Web PWA Build	Build Web	2026-01-14T13:58:13.4338240Z Error: The method 'withValues' isn't defined for the class 'Color'.
Web PWA Build	Build Web	2026-01-14T13:58:13.4338558Z  - 'Color' is from 'dart:ui'.
Web PWA Build	Build Web	2026-01-14T13:58:13.4338804Z                   color: Colors.white.withValues(alpha: 0.03),
Web PWA Build	Build Web	2026-01-14T13:58:13.4339090Z                                       ^^^^^^^^^^
Web PWA Build	Build Web	2026-01-14T13:58:13.4339335Z lib/widgets/bio_digital_twin.dart:67:49:
Web PWA Build	Build Web	2026-01-14T13:58:13.4339650Z Error: The method 'withValues' isn't defined for the class 'Color'.
Web PWA Build	Build Web	2026-01-14T13:58:13.4339955Z  - 'Color' is from 'dart:ui'.
Web PWA Build	Build Web	2026-01-14T13:58:13.4340219Z                         const Color(0xFF10B981).withValues(alpha: 0.1),
Web PWA Build	Build Web	2026-01-14T13:58:13.4340520Z                                                 ^^^^^^^^^^
Web PWA Build	Build Web	2026-01-14T13:58:13.4340778Z lib/widgets/bio_digital_twin.dart:101:29:
Web PWA Build	Build Web	2026-01-14T13:58:13.4341095Z Error: The method 'withValues' isn't defined for the class 'Color'.
Web PWA Build	Build Web	2026-01-14T13:58:13.4341416Z  - 'Color' is from 'dart:ui'.
Web PWA Build	Build Web	2026-01-14T13:58:13.4341659Z         color: Colors.white.withValues(alpha: 0.03),
Web PWA Build	Build Web	2026-01-14T13:58:13.4342144Z                             ^^^^^^^^^^
Web PWA Build	Build Web	2026-01-14T13:58:13.4342677Z lib/widgets/bio_digital_twin.dart:103:48:
Web PWA Build	Build Web	2026-01-14T13:58:13.4343288Z Error: The method 'withValues' isn't defined for the class 'Color'.
Web PWA Build	Build Web	2026-01-14T13:58:13.4343905Z  - 'Color' is from 'dart:ui'.
Web PWA Build	Build Web	2026-01-14T13:58:13.4344427Z         border: Border.all(color: Colors.white.withValues(alpha: 0.05)),
Web PWA Build	Build Web	2026-01-14T13:58:13.4344780Z                                                ^^^^^^^^^^
Web PWA Build	Build Web	2026-01-14T13:58:13.4345056Z lib/widgets/bio_digital_twin.dart:111:35:
Web PWA Build	Build Web	2026-01-14T13:58:13.4345372Z Error: The method 'withValues' isn't defined for the class 'Color'.
Web PWA Build	Build Web	2026-01-14T13:58:13.4345686Z  - 'Color' is from 'dart:ui'.
Web PWA Build	Build Web	2026-01-14T13:58:13.4345928Z               color: Colors.white.withValues(alpha: 0.05),
Web PWA Build	Build Web	2026-01-14T13:58:13.4346218Z                                   ^^^^^^^^^^
Web PWA Build	Build Web	2026-01-14T13:58:13.4346462Z lib/widgets/bio_digital_twin.dart:127:39:
Web PWA Build	Build Web	2026-01-14T13:58:13.4346771Z Error: The method 'withValues' isn't defined for the class 'Color'.
Web PWA Build	Build Web	2026-01-14T13:58:13.4347083Z  - 'Color' is from 'dart:ui'.
Web PWA Build	Build Web	2026-01-14T13:58:13.4347324Z                   color: Colors.white.withValues(alpha: 0.4),
Web PWA Build	Build Web	2026-01-14T13:58:13.4347608Z                                       ^^^^^^^^^^
Web PWA Build	Build Web	2026-01-14T13:58:13.4347854Z lib/widgets/streak_tracker.dart:23:48:
Web PWA Build	Build Web	2026-01-14T13:58:13.4348170Z Error: The method 'withValues' isn't defined for the class 'Color'.
Web PWA Build	Build Web	2026-01-14T13:58:13.4348479Z  - 'Color' is from 'dart:ui'.
Web PWA Build	Build Web	2026-01-14T13:58:13.4348773Z         border: Border.all(color: Colors.white.withValues(alpha: 0.05)),
Web PWA Build	Build Web	2026-01-14T13:58:13.4349321Z                                                ^^^^^^^^^^
Web PWA Build	Build Web	2026-01-14T13:58:13.4349580Z lib/widgets/streak_tracker.dart:35:40:
Web PWA Build	Build Web	2026-01-14T13:58:13.4349927Z Error: The method 'withValues' isn't defined for the class 'MaterialColor'.
Web PWA Build	Build Web	2026-01-14T13:58:13.4350729Z  - 'MaterialColor' is from 'package:flutter/src/material/colors.dart' ('/opt/hostedtoolcache/flutter/stable-3.22.0-x64/packages/flutter/lib/src/material/colors.dart').
Web PWA Build	Build Web	2026-01-14T13:58:13.4351457Z                   color: Colors.orange.withValues(alpha: 0.1),
Web PWA Build	Build Web	2026-01-14T13:58:13.4352000Z                                        ^^^^^^^^^^
Web PWA Build	Build Web	2026-01-14T13:58:13.4352274Z lib/widgets/streak_tracker.dart:37:59:
Web PWA Build	Build Web	2026-01-14T13:58:13.4352624Z Error: The method 'withValues' isn't defined for the class 'MaterialColor'.
Web PWA Build	Build Web	2026-01-14T13:58:13.4353390Z  - 'MaterialColor' is from 'package:flutter/src/material/colors.dart' ('/opt/hostedtoolcache/flutter/stable-3.22.0-x64/packages/flutter/lib/src/material/colors.dart').
Web PWA Build	Build Web	2026-01-14T13:58:13.4354159Z                   border: Border.all(color: Colors.orange.withValues(alpha: 0.2)),
Web PWA Build	Build Web	2026-01-14T13:58:13.4354663Z                                                           ^^^^^^^^^^
Web PWA Build	Build Web	2026-01-14T13:58:13.4354961Z lib/widgets/streak_tracker.dart:50:61:
Web PWA Build	Build Web	2026-01-14T13:58:13.4355438Z Error: The method 'withValues' isn't defined for the class 'MaterialColor'.
Web PWA Build	Build Web	2026-01-14T13:58:13.4356215Z  - 'MaterialColor' is from 'package:flutter/src/material/colors.dart' ('/opt/hostedtoolcache/flutter/stable-3.22.0-x64/packages/flutter/lib/src/material/colors.dart').
Web PWA Build	Build Web	2026-01-14T13:58:13.4357003Z                     border: Border.all(color: Colors.orange.withValues(alpha: 0.2), width: 2),
Web PWA Build	Build Web	2026-01-14T13:58:13.4357432Z                                                             ^^^^^^^^^^
Web PWA Build	Build Web	2026-01-14T13:58:13.4357724Z lib/widgets/streak_tracker.dart:85:41:
Web PWA Build	Build Web	2026-01-14T13:58:13.4358045Z Error: The method 'withValues' isn't defined for the class 'Color'.
Web PWA Build	Build Web	2026-01-14T13:58:13.4358390Z  - 'Color' is from 'dart:ui'.
Web PWA Build	Build Web	2026-01-14T13:58:13.4358650Z                     color: Colors.white.withValues(alpha: 0.4),
Web PWA Build	Build Web	2026-01-14T13:58:13.4358946Z                                         ^^^^^^^^^^
Web PWA Build	Build Web	2026-01-14T13:58:13.4359200Z lib/widgets/streak_tracker.dart:105:52:
Web PWA Build	Build Web	2026-01-14T13:58:13.4359530Z Error: The method 'withValues' isn't defined for the class 'Color'.
Web PWA Build	Build Web	2026-01-14T13:58:13.4359871Z  - 'Color' is from 'dart:ui'.
Web PWA Build	Build Web	2026-01-14T13:58:13.4360134Z                                     ? Colors.white.withValues(alpha: 0.1)
Web PWA Build	Build Web	2026-01-14T13:58:13.4360441Z                                                    ^^^^^^^^^^
Web PWA Build	Build Web	2026-01-14T13:58:13.4360705Z lib/widgets/streak_tracker.dart:106:52:
Web PWA Build	Build Web	2026-01-14T13:58:13.4361024Z Error: The method 'withValues' isn't defined for the class 'Color'.
Web PWA Build	Build Web	2026-01-14T13:58:13.4361338Z  - 'Color' is from 'dart:ui'.
Web PWA Build	Build Web	2026-01-14T13:58:13.4361594Z                                     : Colors.white.withValues(alpha: 0.05),
Web PWA Build	Build Web	2026-01-14T13:58:13.4362150Z                                                    ^^^^^^^^^^
Web PWA Build	Build Web	2026-01-14T13:58:13.4362439Z lib/widgets/lifestyle_rituals.dart:137:66:
Web PWA Build	Build Web	2026-01-14T13:58:13.4362724Z Error: No named parameter with the name 'py'.
Web PWA Build	Build Web	2026-01-14T13:58:13.4363067Z               padding: const EdgeInsets.symmetric(horizontal: 8, py: 2),
Web PWA Build	Build Web	2026-01-14T13:58:13.4363414Z                                                                  ^^
Web PWA Build	Build Web	2026-01-14T13:58:13.4363910Z /opt/hostedtoolcache/flutter/stable-3.22.0-x64/packages/flutter/lib/src/painting/edge_insets.dart:390:9:
Web PWA Build	Build Web	2026-01-14T13:58:13.4364456Z Info: Found this candidate, but the arguments don't match.
Web PWA Build	Build Web	2026-01-14T13:58:13.4364757Z   const EdgeInsets.symmetric({
Web PWA Build	Build Web	2026-01-14T13:58:13.4364972Z         ^^^^^^^^^^^^^^^^^^^^
Web PWA Build	Build Web	2026-01-14T13:58:13.4365186Z lib/widgets/lifestyle_rituals.dart:81:41:
Web PWA Build	Build Web	2026-01-14T13:58:13.4365518Z Error: The method 'withValues' isn't defined for the class 'Color'.
Web PWA Build	Build Web	2026-01-14T13:58:13.4365841Z  - 'Color' is from 'dart:ui'.
Web PWA Build	Build Web	2026-01-14T13:58:13.4366094Z               ? const Color(0xFF10B981).withValues(alpha: 0.05)
Web PWA Build	Build Web	2026-01-14T13:58:13.4366545Z                                         ^^^^^^^^^^
Web PWA Build	Build Web	2026-01-14T13:58:13.4366810Z lib/widgets/lifestyle_rituals.dart:86:43:
Web PWA Build	Build Web	2026-01-14T13:58:13.4367138Z Error: The method 'withValues' isn't defined for the class 'Color'.
Web PWA Build	Build Web	2026-01-14T13:58:13.4367455Z  - 'Color' is from 'dart:ui'.
Web PWA Build	Build Web	2026-01-14T13:58:13.4367720Z                 ? const Color(0xFF10B981).withValues(alpha: 0.2)
Web PWA Build	Build Web	2026-01-14T13:58:13.4368007Z                                           ^^^^^^^^^^
Web PWA Build	Build Web	2026-01-14T13:58:13.4368258Z lib/widgets/lifestyle_rituals.dart:87:32:
Web PWA Build	Build Web	2026-01-14T13:58:13.4368577Z Error: The method 'withValues' isn't defined for the class 'Color'.
Web PWA Build	Build Web	2026-01-14T13:58:13.4368886Z  - 'Color' is from 'dart:ui'.
Web PWA Build	Build Web	2026-01-14T13:58:13.4369130Z                 : Colors.white.withValues(alpha: 0.05),
Web PWA Build	Build Web	2026-01-14T13:58:13.4369383Z                                ^^^^^^^^^^
Web PWA Build	Build Web	2026-01-14T13:58:13.4369621Z lib/widgets/lifestyle_rituals.dart:101:40:
Web PWA Build	Build Web	2026-01-14T13:58:13.4369935Z Error: The method 'withValues' isn't defined for the class 'Color'.
Web PWA Build	Build Web	2026-01-14T13:58:13.4370251Z  - 'Color' is from 'dart:ui'.
Web PWA Build	Build Web	2026-01-14T13:58:13.4370493Z                         : Colors.white.withValues(alpha: 0.05),
Web PWA Build	Build Web	2026-01-14T13:58:13.4370768Z                                        ^^^^^^^^^^
Web PWA Build	Build Web	2026-01-14T13:58:13.4371023Z lib/widgets/lifestyle_rituals.dart:119:77:
Web PWA Build	Build Web	2026-01-14T13:58:13.4371465Z Error: The method 'withValues' isn't defined for the class 'Color'.
Web PWA Build	Build Web	2026-01-14T13:58:13.4371912Z  - 'Color' is from 'dart:ui'.
Web PWA Build	Build Web	2026-01-14T13:58:13.4372310Z                         color: ritual.isCompleted ? const Color(0xFF10B981).withValues(alpha: 0.7) : Colors.white,
Web PWA Build	Build Web	2026-01-14T13:58:13.4372791Z                                                                             ^^^^^^^^^^
Web PWA Build	Build Web	2026-01-14T13:58:13.4373104Z lib/widgets/lifestyle_rituals.dart:140:47:
Web PWA Build	Build Web	2026-01-14T13:58:13.4373426Z Error: The method 'withValues' isn't defined for the class 'Color'.
Web PWA Build	Build Web	2026-01-14T13:58:13.4373743Z  - 'Color' is from 'dart:ui'.
Web PWA Build	Build Web	2026-01-14T13:58:13.4373995Z                     ? const Color(0xFF10B981).withValues(alpha: 0.1)
Web PWA Build	Build Web	2026-01-14T13:58:13.4374297Z                                               ^^^^^^^^^^
Web PWA Build	Build Web	2026-01-14T13:58:13.4374552Z lib/widgets/lifestyle_rituals.dart:141:36:
Web PWA Build	Build Web	2026-01-14T13:58:13.4374871Z Error: The method 'withValues' isn't defined for the class 'Color'.
Web PWA Build	Build Web	2026-01-14T13:58:13.4375186Z  - 'Color' is from 'dart:ui'.
Web PWA Build	Build Web	2026-01-14T13:58:13.4375429Z                     : Colors.white.withValues(alpha: 0.05),
Web PWA Build	Build Web	2026-01-14T13:58:13.4375701Z                                    ^^^^^^^^^^
Web PWA Build	Build Web	2026-01-14T13:58:13.4375943Z lib/widgets/lifestyle_rituals.dart:145:49:
Web PWA Build	Build Web	2026-01-14T13:58:13.4376260Z Error: The method 'withValues' isn't defined for the class 'Color'.
Web PWA Build	Build Web	2026-01-14T13:58:13.4376567Z  - 'Color' is from 'dart:ui'.
Web PWA Build	Build Web	2026-01-14T13:58:13.4376822Z                       ? const Color(0xFF10B981).withValues(alpha: 0.1)
Web PWA Build	Build Web	2026-01-14T13:58:13.4377116Z                                                 ^^^^^^^^^^
Web PWA Build	Build Web	2026-01-14T13:58:13.4377378Z lib/widgets/lifestyle_rituals.dart:169:40:
Web PWA Build	Build Web	2026-01-14T13:58:13.4377693Z Error: The method 'withValues' isn't defined for the class 'Color'.
Web PWA Build	Build Web	2026-01-14T13:58:13.4378006Z  - 'Color' is from 'dart:ui'.
Web PWA Build	Build Web	2026-01-14T13:58:13.4378267Z         color: const Color(0xFF6366F1).withValues(alpha: 0.05),
Web PWA Build	Build Web	2026-01-14T13:58:13.4378556Z                                        ^^^^^^^^^^
Web PWA Build	Build Web	2026-01-14T13:58:13.4378815Z lib/widgets/lifestyle_rituals.dart:171:59:
Web PWA Build	Build Web	2026-01-14T13:58:13.4379129Z Error: The method 'withValues' isn't defined for the class 'Color'.
Web PWA Build	Build Web	2026-01-14T13:58:13.4379443Z  - 'Color' is from 'dart:ui'.
Web PWA Build	Build Web	2026-01-14T13:58:13.4379756Z         border: Border.all(color: const Color(0xFF6366F1).withValues(alpha: 0.1)),
Web PWA Build	Build Web	2026-01-14T13:58:13.4380133Z                                                           ^^^^^^^^^^
Web PWA Build	Build Web	2026-01-14T13:58:13.4380406Z lib/widgets/lifestyle_rituals.dart:191:39:
Web PWA Build	Build Web	2026-01-14T13:58:13.4380720Z Error: The method 'withValues' isn't defined for the class 'Color'.
Web PWA Build	Build Web	2026-01-14T13:58:13.4381033Z  - 'Color' is from 'dart:ui'.
Web PWA Build	Build Web	2026-01-14T13:58:13.4381270Z                   color: Colors.white.withValues(alpha: 0.5),
Web PWA Build	Build Web	2026-01-14T13:58:13.4381814Z                                       ^^^^^^^^^^
Web PWA Build	Build Web	2026-01-14T13:58:13.4382090Z lib/widgets/bmi_calculator.dart:46:48:
Web PWA Build	Build Web	2026-01-14T13:58:13.4382398Z Error: The method 'withValues' isn't defined for the class 'Color'.
Web PWA Build	Build Web	2026-01-14T13:58:13.4382713Z  - 'Color' is from 'dart:ui'.
Web PWA Build	Build Web	2026-01-14T13:58:13.4383012Z         border: Border.all(color: Colors.white.withValues(alpha: 0.05)),
Web PWA Build	Build Web	2026-01-14T13:58:13.4383346Z                                                ^^^^^^^^^^
Web PWA Build	Build Web	2026-01-14T13:58:13.4383602Z lib/widgets/weight_chart.dart:40:45:
Web PWA Build	Build Web	2026-01-14T13:58:13.4383900Z Error: The method 'withValues' isn't defined for the class 'Color'.
Web PWA Build	Build Web	2026-01-14T13:58:13.4384217Z  - 'Color' is from 'dart:ui'.
Web PWA Build	Build Web	2026-01-14T13:58:13.4384463Z                         color: Colors.white.withValues(alpha: 0.3),
Web PWA Build	Build Web	2026-01-14T13:58:13.4384753Z                                             ^^^^^^^^^^
Web PWA Build	Build Web	2026-01-14T13:58:13.4384999Z lib/widgets/weight_chart.dart:62:45:
Web PWA Build	Build Web	2026-01-14T13:58:13.4385386Z Error: The method 'withValues' isn't defined for the class 'Color'.
Web PWA Build	Build Web	2026-01-14T13:58:13.4385914Z  - 'Color' is from 'dart:ui'.
Web PWA Build	Build Web	2026-01-14T13:58:13.4386343Z                     const Color(0xFF10B981).withValues(alpha: 0.2),
Web PWA Build	Build Web	2026-01-14T13:58:13.4386835Z                                             ^^^^^^^^^^
Web PWA Build	Build Web	2026-01-14T13:58:13.4387595Z lib/widgets/weight_chart.dart:63:45:
Web PWA Build	Build Web	2026-01-14T13:58:13.4388160Z Error: The method 'withValues' isn't defined for the class 'Color'.
Web PWA Build	Build Web	2026-01-14T13:58:13.4388750Z  - 'Color' is from 'dart:ui'.
Web PWA Build	Build Web	2026-01-14T13:58:13.4389022Z                     const Color(0xFF10B981).withValues(alpha: 0),
Web PWA Build	Build Web	2026-01-14T13:58:13.4389313Z                                             ^^^^^^^^^^
Web PWA Build	Build Web	2026-01-14T13:58:13.4389582Z lib/widgets/interactive_log_modal.dart:62:35:
Web PWA Build	Build Web	2026-01-14T13:58:13.4389919Z Error: The method 'withValues' isn't defined for the class 'Color'.
Web PWA Build	Build Web	2026-01-14T13:58:13.4390237Z  - 'Color' is from 'dart:ui'.
Web PWA Build	Build Web	2026-01-14T13:58:13.4390501Z               color: Colors.white.withValues(alpha: 0.5),
Web PWA Build	Build Web	2026-01-14T13:58:13.4390793Z                                   ^^^^^^^^^^
Web PWA Build	Build Web	2026-01-14T13:58:13.4391053Z lib/widgets/interactive_log_modal.dart:94:92:
Web PWA Build	Build Web	2026-01-14T13:58:13.4391385Z Error: The method 'withValues' isn't defined for the class 'Color'.
Web PWA Build	Build Web	2026-01-14T13:58:13.4391946Z  - 'Color' is from 'dart:ui'.
Web PWA Build	Build Web	2026-01-14T13:58:13.4392372Z                         color: _sleepHours == val ? const Color(0xFF10B981) : Colors.white.withValues(alpha: 0.05),
Web PWA Build	Build Web	2026-01-14T13:58:13.4392856Z                                                                                           ^^^^^^^^^^
Web PWA Build	Build Web	2026-01-14T13:58:13.4393393Z ../../../../.pub-cache/hosted/pub.dev/fl_chart-0.70.2/lib/src/chart/base/axis_chart/axis_chart_data.dart:1470:43:
Web PWA Build	Build Web	2026-01-14T13:58:13.4393910Z Error: The getter 'a' isn't defined for the class 'Color'.
Web PWA Build	Build Web	2026-01-14T13:58:13.4394202Z  - 'Color' is from 'dart:ui'.
Web PWA Build	Build Web	2026-01-14T13:58:13.4394442Z     if (strokeWidth != 0.0 && strokeColor.a != 0.0) {
Web PWA Build	Build Web	2026-01-14T13:58:13.4394712Z                                           ^
Web PWA Build	Build Web	2026-01-14T13:58:13.4395180Z ../../../../.pub-cache/hosted/pub.dev/fl_chart-0.70.2/lib/src/chart/base/axis_chart/axis_chart_data.dart:1567:43:
Web PWA Build	Build Web	2026-01-14T13:58:13.4395691Z Error: The getter 'a' isn't defined for the class 'Color'.
Web PWA Build	Build Web	2026-01-14T13:58:13.4395987Z  - 'Color' is from 'dart:ui'.
Web PWA Build	Build Web	2026-01-14T13:58:13.4396225Z     if (strokeWidth != 0.0 && strokeColor.a != 0.0) {
Web PWA Build	Build Web	2026-01-14T13:58:13.4396487Z                                           ^
Web PWA Build	Build Web	2026-01-14T13:58:13.4396910Z ../../../../.pub-cache/hosted/pub.dev/fl_chart-0.70.2/lib/src/chart/line_chart/line_chart_data.dart:550:35:
Web PWA Build	Build Web	2026-01-14T13:58:13.4397462Z Error: The method 'withValues' isn't defined for the class 'MaterialColor'.
Web PWA Build	Build Web	2026-01-14T13:58:13.4398253Z  - 'MaterialColor' is from 'package:flutter/src/material/colors.dart' ('/opt/hostedtoolcache/flutter/stable-3.22.0-x64/packages/flutter/lib/src/material/colors.dart').
Web PWA Build	Build Web	2026-01-14T13:58:13.4398959Z                 ? Colors.blueGrey.withValues(alpha: 0.5)
Web PWA Build	Build Web	2026-01-14T13:58:13.4399419Z                                   ^^^^^^^^^^
Web PWA Build	Build Web	2026-01-14T13:58:13.4399844Z ../../../../.pub-cache/hosted/pub.dev/fl_chart-0.70.2/lib/src/chart/line_chart/line_chart_data.dart:606:35:
Web PWA Build	Build Web	2026-01-14T13:58:13.4400390Z Error: The method 'withValues' isn't defined for the class 'MaterialColor'.
Web PWA Build	Build Web	2026-01-14T13:58:13.4401166Z  - 'MaterialColor' is from 'package:flutter/src/material/colors.dart' ('/opt/hostedtoolcache/flutter/stable-3.22.0-x64/packages/flutter/lib/src/material/colors.dart').
Web PWA Build	Build Web	2026-01-14T13:58:13.4402009Z                 ? Colors.blueGrey.withValues(alpha: 0.5)
Web PWA Build	Build Web	2026-01-14T13:58:13.4402280Z                                   ^^^^^^^^^^
Web PWA Build	Build Web	2026-01-14T13:58:13.4402707Z ../../../../.pub-cache/hosted/pub.dev/fl_chart-0.70.2/lib/src/chart/radar_chart/radar_chart_data.dart:300:46:
Web PWA Build	Build Web	2026-01-14T13:58:13.4403252Z Error: The method 'withValues' isn't defined for the class 'MaterialColor'.
Web PWA Build	Build Web	2026-01-14T13:58:13.4404021Z  - 'MaterialColor' is from 'package:flutter/src/material/colors.dart' ('/opt/hostedtoolcache/flutter/stable-3.22.0-x64/packages/flutter/lib/src/material/colors.dart').
Web PWA Build	Build Web	2026-01-14T13:58:13.4404776Z         fillColor = fillColor ?? Colors.cyan.withValues(alpha: 0.2),
Web PWA Build	Build Web	2026-01-14T13:58:13.4405106Z                                              ^^^^^^^^^^
Web PWA Build	Build Web	2026-01-14T13:58:13.4405516Z ../../../../.pub-cache/hosted/pub.dev/fl_chart-0.70.2/lib/src/extensions/color_extension.dart:9:20:
Web PWA Build	Build Web	2026-01-14T13:58:13.4406119Z Error: The getter 'a' isn't defined for the class 'Color'.
Web PWA Build	Build Web	2026-01-14T13:58:13.4406409Z  - 'Color' is from 'dart:ui'.
Web PWA Build	Build Web	2026-01-14T13:58:13.4406620Z       _floatToInt8(a),
Web PWA Build	Build Web	2026-01-14T13:58:13.4406802Z                    ^
Web PWA Build	Build Web	2026-01-14T13:58:13.4407144Z ../../../../.pub-cache/hosted/pub.dev/fl_chart-0.70.2/lib/src/extensions/color_extension.dart:10:21:
Web PWA Build	Build Web	2026-01-14T13:58:13.4407610Z Error: The getter 'r' isn't defined for the class 'Color'.
Web PWA Build	Build Web	2026-01-14T13:58:13.4407897Z  - 'Color' is from 'dart:ui'.
Web PWA Build	Build Web	2026-01-14T13:58:13.4408118Z       (_floatToInt8(r) * value).round(),
Web PWA Build	Build Web	2026-01-14T13:58:13.4408345Z                     ^
Web PWA Build	Build Web	2026-01-14T13:58:13.4408695Z ../../../../.pub-cache/hosted/pub.dev/fl_chart-0.70.2/lib/src/extensions/color_extension.dart:11:21:
Web PWA Build	Build Web	2026-01-14T13:58:13.4409148Z Error: The getter 'g' isn't defined for the class 'Color'.
Web PWA Build	Build Web	2026-01-14T13:58:13.4409433Z  - 'Color' is from 'dart:ui'.
Web PWA Build	Build Web	2026-01-14T13:58:13.4409647Z       (_floatToInt8(g) * value).round(),
Web PWA Build	Build Web	2026-01-14T13:58:13.4409868Z                     ^
Web PWA Build	Build Web	2026-01-14T13:58:13.4410210Z ../../../../.pub-cache/hosted/pub.dev/fl_chart-0.70.2/lib/src/extensions/color_extension.dart:12:21:
Web PWA Build	Build Web	2026-01-14T13:58:13.4410700Z Error: The getter 'b' isn't defined for the class 'Color'.
Web PWA Build	Build Web	2026-01-14T13:58:13.4410985Z  - 'Color' is from 'dart:ui'.
Web PWA Build	Build Web	2026-01-14T13:58:13.4411188Z       (_floatToInt8(b) * value).round(),
Web PWA Build	Build Web	2026-01-14T13:58:13.4411406Z                     ^
Web PWA Build	Build Web	2026-01-14T13:58:13.4411950Z ../../../../.pub-cache/hosted/pub.dev/fl_chart-0.70.2/lib/src/chart/base/axis_chart/axis_chart_painter.dart:159:30:
Web PWA Build	Build Web	2026-01-14T13:58:13.4412469Z Error: The getter 'a' isn't defined for the class 'Color'.
Web PWA Build	Build Web	2026-01-14T13:58:13.4412760Z  - 'Color' is from 'dart:ui'.
Web PWA Build	Build Web	2026-01-14T13:58:13.4412976Z     if (data.backgroundColor.a == 0.0) {
Web PWA Build	Build Web	2026-01-14T13:58:13.4413209Z                              ^
Web PWA Build	Build Web	2026-01-14T13:58:13.4413571Z ../../../../.pub-cache/hosted/pub.dev/fl_chart-0.70.2/lib/src/extensions/border_extension.dart:12:20:
Web PWA Build	Build Web	2026-01-14T13:58:13.4414042Z Error: The getter 'a' isn't defined for the class 'Color'.
Web PWA Build	Build Web	2026-01-14T13:58:13.4414320Z  - 'Color' is from 'dart:ui'.
Web PWA Build	Build Web	2026-01-14T13:58:13.4414542Z     if (left.color.a == 0.0 &&
Web PWA Build	Build Web	2026-01-14T13:58:13.4414742Z                    ^
Web PWA Build	Build Web	2026-01-14T13:58:13.4415089Z ../../../../.pub-cache/hosted/pub.dev/fl_chart-0.70.2/lib/src/extensions/border_extension.dart:13:19:
Web PWA Build	Build Web	2026-01-14T13:58:13.4415555Z Error: The getter 'a' isn't defined for the class 'Color'.
Web PWA Build	Build Web	2026-01-14T13:58:13.4415837Z  - 'Color' is from 'dart:ui'.
Web PWA Build	Build Web	2026-01-14T13:58:13.4416041Z         top.color.a == 0.0 &&
Web PWA Build	Build Web	2026-01-14T13:58:13.4416227Z                   ^
Web PWA Build	Build Web	2026-01-14T13:58:13.4416568Z ../../../../.pub-cache/hosted/pub.dev/fl_chart-0.70.2/lib/src/extensions/border_extension.dart:14:21:
Web PWA Build	Build Web	2026-01-14T13:58:13.4417667Z Error: The getter 'a' isn't defined for the class 'Color'.
Web PWA Build	Build Web	2026-01-14T13:58:13.4418175Z  - 'Color' is from 'dart:ui'.
Web PWA Build	Build Web	2026-01-14T13:58:13.4418551Z         right.color.a == 0.0 &&
Web PWA Build	Build Web	2026-01-14T13:58:13.4418886Z                     ^
Web PWA Build	Build Web	2026-01-14T13:58:13.4419456Z ../../../../.pub-cache/hosted/pub.dev/fl_chart-0.70.2/lib/src/extensions/border_extension.dart:15:22:
Web PWA Build	Build Web	2026-01-14T13:58:13.4419945Z Error: The getter 'a' isn't defined for the class 'Color'.
Web PWA Build	Build Web	2026-01-14T13:58:13.4420241Z  - 'Color' is from 'dart:ui'.
Web PWA Build	Build Web	2026-01-14T13:58:13.4420455Z         bottom.color.a == 0.0) {
Web PWA Build	Build Web	2026-01-14T13:58:13.4420659Z                      ^
Web PWA Build	Build Web	2026-01-14T13:58:13.4421032Z ../../../../.pub-cache/hosted/pub.dev/fl_chart-0.70.2/lib/src/chart/bar_chart/bar_chart_painter.dart:339:56:
Web PWA Build	Build Web	2026-01-14T13:58:13.4421528Z Error: The getter 'a' isn't defined for the class 'Color'.
Web PWA Build	Build Web	2026-01-14T13:58:13.4421958Z  - 'Color' is from 'dart:ui'.
Web PWA Build	Build Web	2026-01-14T13:58:13.4422234Z           if (borderSide.width > 0 && borderSide.color.a > 0) {
Web PWA Build	Build Web	2026-01-14T13:58:13.4422543Z                                                        ^
Web PWA Build	Build Web	2026-01-14T13:58:13.4422974Z ../../../../.pub-cache/hosted/pub.dev/fl_chart-0.70.2/lib/src/chart/bar_chart/bar_chart_painter.dart:637:71:
Web PWA Build	Build Web	2026-01-14T13:58:13.4424071Z Error: The getter 'a' isn't defined for the class 'Color'.
Web PWA Build	Build Web	2026-01-14T13:58:13.4424375Z  - 'Color' is from 'dart:ui'.
Web PWA Build	Build Web	2026-01-14T13:58:13.4424724Z     if (stackItem.borderSide.width == 0 || stackItem.borderSide.color.a == 0) {
Web PWA Build	Build Web	2026-01-14T13:58:13.4425129Z                                                                       ^
Web PWA Build	Build Web	2026-01-14T13:58:13.4425603Z ../../../../.pub-cache/hosted/pub.dev/fl_chart-0.70.2/lib/src/chart/line_chart/line_chart_painter.dart:1001:47:
Web PWA Build	Build Web	2026-01-14T13:58:13.4426133Z Error: The getter 'a' isn't defined for the class 'Color'.
Web PWA Build	Build Web	2026-01-14T13:58:13.4426420Z  - 'Color' is from 'dart:ui'.
Web PWA Build	Build Web	2026-01-14T13:58:13.4426699Z     if (!barData.show || barData.shadow.color.a == 0.0) {
Web PWA Build	Build Web	2026-01-14T13:58:13.4427000Z                                               ^
Web PWA Build	Build Web	2026-01-14T13:58:13.4446689Z ../../../../.pub-cache/hosted/pub.dev/fl_chart-0.70.2/lib/src/extensions/paint_extension.dart:8:21:
Web PWA Build	Build Web	2026-01-14T13:58:13.4447612Z Error: The method 'withValues' isn't defined for the class 'Color'.
Web PWA Build	Build Web	2026-01-14T13:58:13.4448051Z  - 'Color' is from 'dart:ui'.
Web PWA Build	Build Web	2026-01-14T13:58:13.4448305Z       color = color.withValues(alpha: 0);
Web PWA Build	Build Web	2026-01-14T13:58:13.4448547Z                     ^^^^^^^^^^
Web PWA Build	Build Web	2026-01-14T13:58:13.4448978Z ../../../../.pub-cache/hosted/pub.dev/fl_chart-0.70.2/lib/src/chart/pie_chart/pie_chart_painter.dart:146:38:
Web PWA Build	Build Web	2026-01-14T13:58:13.4449507Z Error: The getter 'a' isn't defined for the class 'Color'.
Web PWA Build	Build Web	2026-01-14T13:58:13.4449811Z  - 'Color' is from 'dart:ui'.
Web PWA Build	Build Web	2026-01-14T13:58:13.4450050Z             section.borderSide.color.a != 0.0) {
Web PWA Build	Build Web	2026-01-14T13:58:13.4450313Z                                      ^
Web PWA Build	Build Web	2026-01-14T13:58:13.4450753Z ../../../../.pub-cache/hosted/pub.dev/fl_chart-0.70.2/lib/src/chart/pie_chart/pie_chart_painter.dart:332:69:
Web PWA Build	Build Web	2026-01-14T13:58:13.4451279Z Error: The getter 'a' isn't defined for the class 'Color'.
Web PWA Build	Build Web	2026-01-14T13:58:13.4451575Z  - 'Color' is from 'dart:ui'.
Web PWA Build	Build Web	2026-01-14T13:58:13.4452181Z     if (section.borderSide.width != 0.0 && section.borderSide.color.a != 0.0) {
Web PWA Build	Build Web	2026-01-14T13:58:13.4452595Z                                                                     ^
Web PWA Build	Build Web	2026-01-14T13:58:13.4452871Z Error: Compilation failed.
Web PWA Build	Build Web	2026-01-14T13:58:13.4455881Z   Command: /opt/hostedtoolcache/flutter/stable-3.22.0-x64/bin/cache/dart-sdk/bin/dart --disable-dart-dev /opt/hostedtoolcache/flutter/stable-3.22.0-x64/bin/cache/dart-sdk/bin/snapshots/dart2js.dart.snapshot --platform-binaries=/opt/hostedtoolcache/flutter/stable-3.22.0-x64/bin/cache/flutter_web_sdk/kernel --invoker=flutter_tool -Ddart.vm.product=true -DFLUTTER_WEB_CANVASKIT_URL=https://www.gstatic.com/flutter-canvaskit/f6344b75dcf861d8bf1f1322780b8811f982e31a/ -DFLUTTER_WEB_AUTO_DETECT=true --native-null-assertions --no-source-maps -o /home/runner/work/glowuphub/glowuphub/mobile/.dart_tool/flutter_build/65d63428430ab1715497145a748fbd6b/app.dill --packages=.dart_tool/package_config.json --cfe-only /home/runner/work/glowuphub/glowuphub/mobile/.dart_tool/flutter_build/65d63428430ab1715497145a748fbd6b/main.dart
Web PWA Build	Build Web	2026-01-14T13:58:13.4459357Z #0      RunResult.throwException (package:flutter_tools/src/base/process.dart:125:5)
Web PWA Build	Build Web	2026-01-14T13:58:13.4459921Z #1      _DefaultProcessUtils.run (package:flutter_tools/src/base/process.dart:321:19)
Web PWA Build	Build Web	2026-01-14T13:58:13.4460304Z <asynchronous suspension>
Web PWA Build	Build Web	2026-01-14T13:58:13.4460700Z #2      Dart2JSTarget.build (package:flutter_tools/src/build_system/targets/web.dart:193:5)
Web PWA Build	Build Web	2026-01-14T13:58:13.4461110Z <asynchronous suspension>
Web PWA Build	Build Web	2026-01-14T13:58:13.4461512Z #3      _BuildInstance._invokeInternal (package:flutter_tools/src/build_system/build_system.dart:875:9)
Web PWA Build	Build Web	2026-01-14T13:58:13.4462183Z <asynchronous suspension>
Web PWA Build	Build Web	2026-01-14T13:58:13.4462494Z #4      Future.wait.<anonymous closure> (dart:async/future.dart:524:21)
Web PWA Build	Build Web	2026-01-14T13:58:13.4462850Z <asynchronous suspension>
Web PWA Build	Build Web	2026-01-14T13:58:13.4463243Z #5      _BuildInstance.invokeTarget (package:flutter_tools/src/build_system/build_system.dart:813:32)
Web PWA Build	Build Web	2026-01-14T13:58:13.4463688Z <asynchronous suspension>
Web PWA Build	Build Web	2026-01-14T13:58:13.4463967Z #6      Future.wait.<anonymous closure> (dart:async/future.dart:524:21)
Web PWA Build	Build Web	2026-01-14T13:58:13.4464466Z <asynchronous suspension>
Web PWA Build	Build Web	2026-01-14T13:58:13.4464866Z #7      _BuildInstance.invokeTarget (package:flutter_tools/src/build_system/build_system.dart:813:32)
Web PWA Build	Build Web	2026-01-14T13:58:13.4465312Z <asynchronous suspension>
Web PWA Build	Build Web	2026-01-14T13:58:13.4465692Z #8      FlutterBuildSystem.build (package:flutter_tools/src/build_system/build_system.dart:642:16)
Web PWA Build	Build Web	2026-01-14T13:58:13.4466124Z <asynchronous suspension>
Web PWA Build	Build Web	2026-01-14T13:58:13.4466447Z #9      WebBuilder.buildWeb (package:flutter_tools/src/web/compile.dart:92:34)
Web PWA Build	Build Web	2026-01-14T13:58:13.4466806Z <asynchronous suspension>
Web PWA Build	Build Web	2026-01-14T13:58:13.4467179Z #10     BuildWebCommand.runCommand (package:flutter_tools/src/commands/build_web.dart:230:5)
Web PWA Build	Build Web	2026-01-14T13:58:13.4467596Z <asynchronous suspension>
Web PWA Build	Build Web	2026-01-14T13:58:13.4468024Z #11     FlutterCommand.run.<anonymous closure> (package:flutter_tools/src/runner/flutter_command.dart:1394:27)
Web PWA Build	Build Web	2026-01-14T13:58:13.4468491Z <asynchronous suspension>
Web PWA Build	Build Web	2026-01-14T13:58:13.4468853Z #12     AppContext.run.<anonymous closure> (package:flutter_tools/src/base/context.dart:153:19)
Web PWA Build	Build Web	2026-01-14T13:58:13.4469271Z <asynchronous suspension>
Web PWA Build	Build Web	2026-01-14T13:58:13.4469571Z #13     CommandRunner.runCommand (package:args/command_runner.dart:212:13)
Web PWA Build	Build Web	2026-01-14T13:58:13.4469919Z <asynchronous suspension>
Web PWA Build	Build Web	2026-01-14T13:58:13.4470409Z #14     FlutterCommandRunner.runCommand.<anonymous closure> (package:flutter_tools/src/runner/flutter_command_runner.dart:372:9)
Web PWA Build	Build Web	2026-01-14T13:58:13.4470952Z <asynchronous suspension>
Web PWA Build	Build Web	2026-01-14T13:58:13.4471306Z #15     AppContext.run.<anonymous closure> (package:flutter_tools/src/base/context.dart:153:19)
Web PWA Build	Build Web	2026-01-14T13:58:13.4471904Z <asynchronous suspension>
Web PWA Build	Build Web	2026-01-14T13:58:13.4472353Z #16     FlutterCommandRunner.runCommand (package:flutter_tools/src/runner/flutter_command_runner.dart:308:5)
Web PWA Build	Build Web	2026-01-14T13:58:13.4472823Z <asynchronous suspension>
Web PWA Build	Build Web	2026-01-14T13:58:13.4473180Z #17     run.<anonymous closure>.<anonymous closure> (package:flutter_tools/runner.dart:130:9)
Web PWA Build	Build Web	2026-01-14T13:58:13.4473580Z <asynchronous suspension>
Web PWA Build	Build Web	2026-01-14T13:58:13.4473941Z #18     AppContext.run.<anonymous closure> (package:flutter_tools/src/base/context.dart:153:19)
Web PWA Build	Build Web	2026-01-14T13:58:13.4474344Z <asynchronous suspension>
Web PWA Build	Build Web	2026-01-14T13:58:13.4474586Z #19     main (package:flutter_tools/executable.dart:93:3)
Web PWA Build	Build Web	2026-01-14T13:58:13.4474882Z <asynchronous suspension>
Web PWA Build	Build Web	2026-01-14T13:58:13.4475007Z 
Web PWA Build	Build Web	2026-01-14T13:58:13.4475198Z Error: Failed to compile application for the Web.
Web PWA Build	Build Web	2026-01-14T13:58:13.4475570Z Compiling lib/main.dart for the Web...                             15.7s
Web PWA Build	Build Web	2026-01-14T13:58:13.4509178Z ##[error]Process completed with exit code 1.
